fully_connected.cc:78:7:void* tflite::{anonymous}::Init(TfLiteContext*, const char*, size_t)	8	static
fully_connected.cc:83:14:TfLiteStatus tflite::{anonymous}::Prepare(TfLiteContext*, TfLiteNode*)	64	static
types.h:184:3:tflite::RuntimeShape::~RuntimeShape()	8	static
types.h:195:18:int32_t tflite::RuntimeShape::Dims(int) const	8	static
types.h:438:12:int tflite::MatchingDim(const tflite::RuntimeShape&, int, const tflite::RuntimeShape&, int)	16	static
types.h:641:12:int tflite::FlatSizeSkipDim(const tflite::RuntimeShape&, int)	16	static
common - Copy.h:156:16:int32_t tflite::MultiplyByQuantizedMultiplier(int32_t, int32_t, int)	16	static
fully_connected - Copy.h:62:13:void tflite::reference_ops::FullyConnected(const tflite::FullyConnectedParams&, const tflite::RuntimeShape&, const uint8_t*, const tflite::RuntimeShape&, const uint8_t*, const tflite::RuntimeShape&, const int32_t*, const tflite::RuntimeShape&, uint8_t*)	80	static
fully_connected - Copy - Copy.h:23:13:void tflite::reference_integer_ops::FullyConnected(const tflite::FullyConnectedParams&, const tflite::RuntimeShape&, const int8_t*, const tflite::RuntimeShape&, const int8_t*, const tflite::RuntimeShape&, const int32_t*, const tflite::RuntimeShape&, int8_t*)	80	static
kernel_util - Copy.h:30:26:TfLiteEvalTensor* tflite::micro::GetMutableEvalInput(const TfLiteContext*, const TfLiteNode*, int)	8	static
fully_connected.cc:203:14:TfLiteStatus tflite::{anonymous}::Eval(TfLiteContext*, TfLiteNode*)	512	static
fully_connected.cc:242:20:TfLiteRegistration tflite::Register_FULLY_CONNECTED()	16	static
