Archive member included to satisfy reference by file (symbol)

d:/embedded/cubeide/stm32cubeide_1.5.0/stm32cubeide/plugins/com.st.stm32cube.ide.mcu.externaltools.gnu-tools-for-stm32.7-2018-q2-update.win32_1.5.0.202011040924/tools/bin/../lib/gcc/arm-none-eabi/7.3.1/../../../../arm-none-eabi/lib/thumb/v7e-m/fpv4-sp/hard\libstdc++_nano.a(del_opv.o)
                              Core/Src/depthwise_conv.o (operator delete[](void*))
d:/embedded/cubeide/stm32cubeide_1.5.0/stm32cubeide/plugins/com.st.stm32cube.ide.mcu.externaltools.gnu-tools-for-stm32.7-2018-q2-update.win32_1.5.0.202011040924/tools/bin/../lib/gcc/arm-none-eabi/7.3.1/../../../../arm-none-eabi/lib/thumb/v7e-m/fpv4-sp/hard\libstdc++_nano.a(new_opv.o)
                              Core/Src/kernel_util - Copy.o (operator new[](unsigned int))
d:/embedded/cubeide/stm32cubeide_1.5.0/stm32cubeide/plugins/com.st.stm32cube.ide.mcu.externaltools.gnu-tools-for-stm32.7-2018-q2-update.win32_1.5.0.202011040924/tools/bin/../lib/gcc/arm-none-eabi/7.3.1/../../../../arm-none-eabi/lib/thumb/v7e-m/fpv4-sp/hard\libstdc++_nano.a(del_ops.o)
                              Core/Src/greedy_memory_planner.o (operator delete(void*, unsigned int))
d:/embedded/cubeide/stm32cubeide_1.5.0/stm32cubeide/plugins/com.st.stm32cube.ide.mcu.externaltools.gnu-tools-for-stm32.7-2018-q2-update.win32_1.5.0.202011040924/tools/bin/../lib/gcc/arm-none-eabi/7.3.1/../../../../arm-none-eabi/lib/thumb/v7e-m/fpv4-sp/hard\libstdc++_nano.a(new_op.o)
                              Core/Src/string_util.o (operator new(unsigned int))
d:/embedded/cubeide/stm32cubeide_1.5.0/stm32cubeide/plugins/com.st.stm32cube.ide.mcu.externaltools.gnu-tools-for-stm32.7-2018-q2-update.win32_1.5.0.202011040924/tools/bin/../lib/gcc/arm-none-eabi/7.3.1/../../../../arm-none-eabi/lib/thumb/v7e-m/fpv4-sp/hard\libstdc++_nano.a(guard.o)
                              Core/Src/main_functions.o (__cxa_guard_acquire)
d:/embedded/cubeide/stm32cubeide_1.5.0/stm32cubeide/plugins/com.st.stm32cube.ide.mcu.externaltools.gnu-tools-for-stm32.7-2018-q2-update.win32_1.5.0.202011040924/tools/bin/../lib/gcc/arm-none-eabi/7.3.1/../../../../arm-none-eabi/lib/thumb/v7e-m/fpv4-sp/hard\libstdc++_nano.a(new_handler.o)
                              d:/embedded/cubeide/stm32cubeide_1.5.0/stm32cubeide/plugins/com.st.stm32cube.ide.mcu.externaltools.gnu-tools-for-stm32.7-2018-q2-update.win32_1.5.0.202011040924/tools/bin/../lib/gcc/arm-none-eabi/7.3.1/../../../../arm-none-eabi/lib/thumb/v7e-m/fpv4-sp/hard\libstdc++_nano.a(new_op.o) (std::get_new_handler())
d:/embedded/cubeide/stm32cubeide_1.5.0/stm32cubeide/plugins/com.st.stm32cube.ide.mcu.externaltools.gnu-tools-for-stm32.7-2018-q2-update.win32_1.5.0.202011040924/tools/bin/../lib/gcc/arm-none-eabi/7.3.1/../../../../arm-none-eabi/lib/thumb/v7e-m/fpv4-sp/hard\libstdc++_nano.a(del_op.o)
                              Core/Src/string_util.o (operator delete(void*))
d:/embedded/cubeide/stm32cubeide_1.5.0/stm32cubeide/plugins/com.st.stm32cube.ide.mcu.externaltools.gnu-tools-for-stm32.7-2018-q2-update.win32_1.5.0.202011040924/tools/bin/../lib/gcc/arm-none-eabi/7.3.1/../../../../arm-none-eabi/lib/thumb/v7e-m/fpv4-sp/hard\libstdc++_nano.a(functexcept.o)
                              Core/Src/string_util.o (std::__throw_length_error(char const*))
d:/embedded/cubeide/stm32cubeide_1.5.0/stm32cubeide/plugins/com.st.stm32cube.ide.mcu.externaltools.gnu-tools-for-stm32.7-2018-q2-update.win32_1.5.0.202011040924/tools/bin/../lib/gcc/arm-none-eabi/7.3.1/../../../../arm-none-eabi/lib/thumb/v7e-m/fpv4-sp/hard\libstdc++_nano.a(snprintf_lite.o)
                              d:/embedded/cubeide/stm32cubeide_1.5.0/stm32cubeide/plugins/com.st.stm32cube.ide.mcu.externaltools.gnu-tools-for-stm32.7-2018-q2-update.win32_1.5.0.202011040924/tools/bin/../lib/gcc/arm-none-eabi/7.3.1/../../../../arm-none-eabi/lib/thumb/v7e-m/fpv4-sp/hard\libstdc++_nano.a(functexcept.o) (__gnu_cxx::__snprintf_lite(char*, unsigned int, char const*, std::__va_list))
d:/embedded/cubeide/stm32cubeide_1.5.0/stm32cubeide/plugins/com.st.stm32cube.ide.mcu.externaltools.gnu-tools-for-stm32.7-2018-q2-update.win32_1.5.0.202011040924/tools/bin/../lib/gcc/arm-none-eabi/7.3.1/../../../../arm-none-eabi/lib/thumb/v7e-m/fpv4-sp/hard\libm.a(lib_a-s_cos.o)
                              Core/Src/kiss_fft.o (cos)
d:/embedded/cubeide/stm32cubeide_1.5.0/stm32cubeide/plugins/com.st.stm32cube.ide.mcu.externaltools.gnu-tools-for-stm32.7-2018-q2-update.win32_1.5.0.202011040924/tools/bin/../lib/gcc/arm-none-eabi/7.3.1/../../../../arm-none-eabi/lib/thumb/v7e-m/fpv4-sp/hard\libm.a(lib_a-s_floor.o)
                              Core/Src/filterbank_util.o (floor)
d:/embedded/cubeide/stm32cubeide_1.5.0/stm32cubeide/plugins/com.st.stm32cube.ide.mcu.externaltools.gnu-tools-for-stm32.7-2018-q2-update.win32_1.5.0.202011040924/tools/bin/../lib/gcc/arm-none-eabi/7.3.1/../../../../arm-none-eabi/lib/thumb/v7e-m/fpv4-sp/hard\libm.a(lib_a-s_frexp.o)
[...]
Memory Configuration

Name             Origin             Length             Attributes
RAM              0x0000000020000000 0x0000000000010000 xrw
FLASH            0x0000000008000000 0x0000000000040000 xr
*default*        0x0000000000000000 0xffffffffffffffff

Linker script and memory map

LOAD d:/embedded/cubeide/stm32cubeide_1.5.0/stm32cubeide/plugins/com.st.stm32cube.ide.mcu.externaltools.gnu-tools-for-stm32.7-2018-q2-update.win32_1.5.0.202011040924/tools/bin/../lib/gcc/arm-none-eabi/7.3.1/thumb/v7e-m/fpv4-sp/hard/crti.o
LOAD d:/embedded/cubeide/stm32cubeide_1.5.0/stm32cubeide/plugins/com.st.stm32cube.ide.mcu.externaltools.gnu-tools-for-stm32.7-2018-q2-update.win32_1.5.0.202011040924/tools/bin/../lib/gcc/arm-none-eabi/7.3.1/thumb/v7e-m/fpv4-sp/hard/crtbegin.o
LOAD d:/embedded/cubeide/stm32cubeide_1.5.0/stm32cubeide/plugins/com.st.stm32cube.ide.mcu.externaltools.gnu-tools-for-stm32.7-2018-q2-update.win32_1.5.0.202011040924/tools/bin/../lib/gcc/arm-none-eabi/7.3.1/../../../../arm-none-eabi/lib/thumb/v7e-m/fpv4-sp/hard/crt0.o
LOAD Core/Src/audio_provider.o
LOAD Core/Src/command_responder.o
LOAD Core/Src/common.o
LOAD Core/Src/debug_log.o
LOAD Core/Src/depthwise_conv.o
LOAD Core/Src/error_reporter.o
LOAD Core/Src/ethosu.o
LOAD Core/Src/feature_provider.o
LOAD Core/Src/fft.o
LOAD Core/Src/fft_util.o
LOAD Core/Src/filterbank.o
LOAD Core/Src/filterbank_util.o
LOAD Core/Src/flatbuffer_conversions.o
LOAD Core/Src/frontend.o
LOAD Core/Src/frontend_util.o
LOAD Core/Src/fully_connected.o
LOAD Core/Src/greedy_memory_planner.o
LOAD Core/Src/kernel_util - Copy.o
LOAD Core/Src/kernel_util.o
LOAD Core/Src/kiss_fft.o
LOAD Core/Src/kiss_fftr.o
LOAD Core/Src/log_lut.o
LOAD Core/Src/log_scale.o
LOAD Core/Src/log_scale_util.o
LOAD Core/Src/main.o
LOAD Core/Src/main_functions.o
LOAD Core/Src/memory_helpers.o
LOAD Core/Src/micro_allocator.o
LOAD Core/Src/micro_error_reporter.o
LOAD Core/Src/micro_features_generator.o
LOAD Core/Src/micro_interpreter.o
LOAD Core/Src/micro_model_settings.o
LOAD Core/Src/micro_profiler.o
LOAD Core/Src/micro_string.o
LOAD Core/Src/micro_time.o
LOAD Core/Src/micro_utils.o
LOAD Core/Src/model.o
LOAD Core/Src/no_1000ms_sample_data.o
LOAD Core/Src/no_30ms_sample_data.o
LOAD Core/Src/no_micro_features_data.o
LOAD Core/Src/noise_reduction.o
LOAD Core/Src/noise_reduction_util.o
LOAD Core/Src/op_resolver.o
LOAD Core/Src/pcan_gain_control.o
LOAD Core/Src/pcan_gain_control_util.o
LOAD Core/Src/quantization_util.o
LOAD Core/Src/recognize_commands.o
LOAD Core/Src/reshape.o
LOAD Core/Src/schema_utils.o
LOAD Core/Src/simple_memory_allocator.o
LOAD Core/Src/softmax.o
LOAD Core/Src/stm32l4xx_hal_msp.o
LOAD Core/Src/stm32l4xx_it.o
LOAD Core/Src/string_util.o
LOAD Core/Src/syscalls.o
LOAD Core/Src/sysmem.o
LOAD Core/Src/system_stm32l4xx.o
LOAD Core/Src/tensor_utils.o
LOAD Core/Src/window.o
LOAD Core/Src/window_util.o
LOAD Core/Src/yes_1000ms_sample_data.o
LOAD Core/Src/yes_30ms_sample_data.o
LOAD Core/Src/yes_micro_features_data.o
LOAD Core/Startup/startup_stm32l432kcux.o
LOAD Drivers/STM32L4xx_HAL_Driver/Src/stm32l4xx_hal.o
LOAD Drivers/STM32L4xx_HAL_Driver/Src/stm32l4xx_hal_adc.o
LOAD Drivers/STM32L4xx_HAL_Driver/Src/stm32l4xx_hal_adc_ex.o
LOAD Drivers/STM32L4xx_HAL_Driver/Src/stm32l4xx_hal_cortex.o
LOAD Drivers/STM32L4xx_HAL_Driver/Src/stm32l4xx_hal_crc.o
LOAD Drivers/STM32L4xx_HAL_Driver/Src/stm32l4xx_hal_crc_ex.o
LOAD Drivers/STM32L4xx_HAL_Driver/Src/stm32l4xx_hal_dma.o
LOAD Drivers/STM32L4xx_HAL_Driver/Src/stm32l4xx_hal_dma_ex.o
LOAD Drivers/STM32L4xx_HAL_Driver/Src/stm32l4xx_hal_exti.o
LOAD Drivers/STM32L4xx_HAL_Driver/Src/stm32l4xx_hal_flash.o
LOAD Drivers/STM32L4xx_HAL_Driver/Src/stm32l4xx_hal_flash_ex.o
LOAD Drivers/STM32L4xx_HAL_Driver/Src/stm32l4xx_hal_flash_ramfunc.o
LOAD Drivers/STM32L4xx_HAL_Driver/Src/stm32l4xx_hal_gpio.o
LOAD Drivers/STM32L4xx_HAL_Driver/Src/stm32l4xx_hal_i2c.o
LOAD Drivers/STM32L4xx_HAL_Driver/Src/stm32l4xx_hal_i2c_ex.o
LOAD Drivers/STM32L4xx_HAL_Driver/Src/stm32l4xx_hal_pwr.o
LOAD Drivers/STM32L4xx_HAL_Driver/Src/stm32l4xx_hal_pwr_ex.o
LOAD Drivers/STM32L4xx_HAL_Driver/Src/stm32l4xx_hal_rcc.o
LOAD Drivers/STM32L4xx_HAL_Driver/Src/stm32l4xx_hal_rcc_ex.o
LOAD Drivers/STM32L4xx_HAL_Driver/Src/stm32l4xx_hal_tim.o
LOAD Drivers/STM32L4xx_HAL_Driver/Src/stm32l4xx_hal_tim_ex.o
LOAD Drivers/STM32L4xx_HAL_Driver/Src/stm32l4xx_hal_uart.o
LOAD Drivers/STM32L4xx_HAL_Driver/Src/stm32l4xx_hal_uart_ex.o
LOAD ../Middlewares/ST/AI/Lib\NetworkRuntime520_CM4_GCC.a
START GROUP
LOAD d:/embedded/cubeide/stm32cubeide_1.5.0/stm32cubeide/plugins/com.st.stm32cube.ide.mcu.externaltools.gnu-tools-for-stm32.7-2018-q2-update.win32_1.5.0.202011040924/tools/bin/../lib/gcc/arm-none-eabi/7.3.1/../../../../arm-none-eabi/lib/thumb/v7e-m/fpv4-sp/hard\libstdc++_nano.a
LOAD d:/embedded/cubeide/stm32cubeide_1.5.0/stm32cubeide/plugins/com.st.stm32cube.ide.mcu.externaltools.gnu-tools-for-stm32.7-2018-q2-update.win32_1.5.0.202011040924/tools/bin/../lib/gcc/arm-none-eabi/7.3.1/../../../../arm-none-eabi/lib/thumb/v7e-m/fpv4-sp/hard\libsupc++_nano.a
END GROUP
LOAD d:/embedded/cubeide/stm32cubeide_1.5.0/stm32cubeide/plugins/com.st.stm32cube.ide.mcu.externaltools.gnu-tools-for-stm32.7-2018-q2-update.win32_1.5.0.202011040924/tools/bin/../lib/gcc/arm-none-eabi/7.3.1/../../../../arm-none-eabi/lib/thumb/v7e-m/fpv4-sp/hard\libstdc++_nano.a
LOAD d:/embedded/cubeide/stm32cubeide_1.5.0/stm32cubeide/plugins/com.st.stm32cube.ide.mcu.externaltools.gnu-tools-for-stm32.7-2018-q2-update.win32_1.5.0.202011040924/tools/bin/../lib/gcc/arm-none-eabi/7.3.1/../../../../arm-none-eabi/lib/thumb/v7e-m/fpv4-sp/hard\libm.a
LOAD d:/embedded/cubeide/stm32cubeide_1.5.0/stm32cubeide/plugins/com.st.stm32cube.ide.mcu.externaltools.gnu-tools-for-stm32.7-2018-q2-update.win32_1.5.0.202011040924/tools/bin/../lib/gcc/arm-none-eabi/7.3.1/../../../../arm-none-eabi/lib/thumb/v7e-m/fpv4-sp/hard\libc_nano.a
START GROUP
LOAD d:/embedded/cubeide/stm32cubeide_1.5.0/stm32cubeide/plugins/com.st.stm32cube.ide.mcu.externaltools.gnu-tools-for-stm32.7-2018-q2-update.win32_1.5.0.202011040924/tools/bin/../lib/gcc/arm-none-eabi/7.3.1/thumb/v7e-m/fpv4-sp/hard\libgcc.a
LOAD d:/embedded/cubeide/stm32cubeide_1.5.0/stm32cubeide/plugins/com.st.stm32cube.ide.mcu.externaltools.gnu-tools-for-stm32.7-2018-q2-update.win32_1.5.0.202011040924/tools/bin/../lib/gcc/arm-none-eabi/7.3.1/../../../../arm-none-eabi/lib/thumb/v7e-m/fpv4-sp/hard\libc_nano.a
END GROUP
START GROUP
LOAD d:/embedded/cubeide/stm32cubeide_1.5.0/stm32cubeide/plugins/com.st.stm32cube.ide.mcu.externaltools.gnu-tools-for-stm32.7-2018-q2-update.win32_1.5.0.202011040924/tools/bin/../lib/gcc/arm-none-eabi/7.3.1/thumb/v7e-m/fpv4-sp/hard\libgcc.a
LOAD d:/embedded/cubeide/stm32cubeide_1.5.0/stm32cubeide/plugins/com.st.stm32cube.ide.mcu.externaltools.gnu-tools-for-stm32.7-2018-q2-update.win32_1.5.0.202011040924/tools/bin/../lib/gcc/arm-none-eabi/7.3.1/../../../../arm-none-eabi/lib/thumb/v7e-m/fpv4-sp/hard\libc_nano.a
END GROUP
LOAD d:/embedded/cubeide/stm32cubeide_1.5.0/stm32cubeide/plugins/com.st.stm32cube.ide.mcu.externaltools.gnu-tools-for-stm32.7-2018-q2-update.win32_1.5.0.202011040924/tools/bin/../lib/gcc/arm-none-eabi/7.3.1/thumb/v7e-m/fpv4-sp/hard/crtend.o
LOAD d:/embedded/cubeide/stm32cubeide_1.5.0/stm32cubeide/plugins/com.st.stm32cube.ide.mcu.externaltools.gnu-tools-for-stm32.7-2018-q2-update.win32_1.5.0.202011040924/tools/bin/../lib/gcc/arm-none-eabi/7.3.1/thumb/v7e-m/fpv4-sp/hard/crtn.o
                0x0000000020010000                _estack = (ORIGIN (RAM) + LENGTH (RAM))
                0x0000000000000200                _Min_Heap_Size = 0x200
                0x0000000000000800                _Min_Stack_Size = 0x800

.isr_vector     0x0000000008000000      0x18c
                0x0000000008000000                . = ALIGN (0x4)
 *(.isr_vector)
 .isr_vector    0x0000000008000000      0x18c Core/Startup/startup_stm32l432kcux.o
                0x0000000008000000                g_pfnVectors
                0x000000000800018c                . = ALIGN (0x4)

.text           0x0000000008000190     0xb85c
                0x0000000008000190                . = ALIGN (0x4)
 *(.text)
 .text          0x0000000008000190       0x40 d:/embedded/cubeide/stm32cubeide_1.5.0/stm32cubeide/plugins/com.st.stm32cube.ide.mcu.externaltools.gnu-tools-for-stm32.7-2018-q2-update.win32_1.5.0.202011040924/tools/bin/../lib/gcc/arm-none-eabi/7.3.1/thumb/v7e-m/fpv4-sp/hard/crtbegin.o
 .text          0x00000000080001d0       0x14 d:/embedded/cubeide/stm32cubeide_1.5.0/stm32cubeide/plugins/com.st.stm32cube.ide.mcu.externaltools.gnu-tools-for-stm32.7-2018-q2-update.win32_1.5.0.202011040924/tools/bin/../lib/gcc/arm-none-eabi/7.3.1/../../../../arm-none-eabi/lib/thumb/v7e-m/fpv4-sp/hard\libc_nano.a(lib_a-strcmp.o)
                0x00000000080001d0                strcmp
 .text          0x00000000080001e4       0x10 d:/embedded/cubeide/stm32cubeide_1.5.0/stm32cubeide/plugins/com.st.stm32cube.ide.mcu.externaltools.gnu-tools-for-stm32.7-2018-q2-update.win32_1.5.0.202011040924/tools/bin/../lib/gcc/arm-none-eabi/7.3.1/../../../../arm-none-eabi/lib/thumb/v7e-m/fpv4-sp/hard\libc_nano.a(lib_a-strlen.o)
                0x00000000080001e4                strlen
 *fill*         0x00000000080001f4        0xc 
 .text          0x0000000008000200       0xa0 d:/embedded/cubeide/stm32cubeide_1.5.0/stm32cubeide/plugins/com.st.stm32cube.ide.mcu.externaltools.gnu-tools-for-stm32.7-2018-q2-update.win32_1.5.0.202011040924/tools/bin/../lib/gcc/arm-none-eabi/7.3.1/../../../../arm-none-eabi/lib/thumb/v7e-m/fpv4-sp/hard\libc_nano.a(lib_a-memchr.o)
                0x0000000008000200                memchr
 .text          0x00000000080002a0      0x378 d:/embedded/cubeide/stm32cubeide_1.5.0/stm32cubeide/plugins/com.st.stm32cube.ide.mcu.externaltools.gnu-tools-for-stm32.7-2018-q2-update.win32_1.5.0.202011040924/tools/bin/../lib/gcc/arm-none-eabi/7.3.1/thumb/v7e-m/fpv4-sp/hard\libgcc.a(_arm_addsubdf3.o)
                0x00000000080002a0                __aeabi_drsub
                0x00000000080002a8                __aeabi_dsub
                0x00000000080002a8                __subdf3
                0x00000000080002ac                __aeabi_dadd
                0x00000000080002ac                __adddf3
                0x0000000008000524                __floatunsidf
                0x0000000008000524                __aeabi_ui2d
                0x0000000008000544                __floatsidf
                0x0000000008000544                __aeabi_i2d
                0x0000000008000568                __aeabi_f2d
                0x0000000008000568                __extendsfdf2
                0x00000000080005ac                __floatundidf
                0x00000000080005ac                __aeabi_ul2d
                0x00000000080005bc                __floatdidf
                0x00000000080005bc                __aeabi_l2d
 .text          0x0000000008000618      0x424 d:/embedded/cubeide/stm32cubeide_1.5.0/stm32cubeide/plugins/com.st.stm32cube.ide.mcu.externaltools.gnu-tools-for-stm32.7-2018-q2-update.win32_1.5.0.202011040924/tools/bin/../lib/gcc/arm-none-eabi/7.3.1/thumb/v7e-m/fpv4-sp/hard\libgcc.a(_arm_muldivdf3.o)
                0x0000000008000618                __aeabi_dmul
                0x0000000008000618                __muldf3
                0x000000000800086c                __divdf3
                0x000000000800086c                __aeabi_ddiv
 .text          0x0000000008000a3c      0x110 d:/embedded/cubeide/stm32cubeide_1.5.0/stm32cubeide/plugins/com.st.stm32cube.ide.mcu.externaltools.gnu-tools-for-stm32.7-2018-q2-update.win32_1.5.0.202011040924/tools/bin/../lib/gcc/arm-none-eabi/7.3.1/thumb/v7e-m/fpv4-sp/hard\libgcc.a(_arm_cmpdf2.o)
                0x0000000008000a3c                __gtdf2
                0x0000000008000a3c                __gedf2
                0x0000000008000a44                __ltdf2
                0x0000000008000a44                __ledf2
                0x0000000008000a4c                __nedf2
                0x0000000008000a4c                __eqdf2
                0x0000000008000a4c                __cmpdf2
                0x0000000008000ac8                __aeabi_cdrcmple
                0x0000000008000ad8                __aeabi_cdcmpeq
                0x0000000008000ad8                __aeabi_cdcmple
                0x0000000008000ae8                __aeabi_dcmpeq
                0x0000000008000afc                __aeabi_dcmplt
                0x0000000008000b10                __aeabi_dcmple
                0x0000000008000b24                __aeabi_dcmpge
                0x0000000008000b38                __aeabi_dcmpgt
 .text          0x0000000008000b4c       0x2c d:/embedded/cubeide/stm32cubeide_1.5.0/stm32cubeide/plugins/com.st.stm32cube.ide.mcu.externaltools.gnu-tools-for-stm32.7-2018-q2-update.win32_1.5.0.202011040924/tools/bin/../lib/gcc/arm-none-eabi/7.3.1/thumb/v7e-m/fpv4-sp/hard\libgcc.a(_arm_unorddf2.o)
                0x0000000008000b4c                __unorddf2
                0x0000000008000b4c                __aeabi_dcmpun
 .text          0x0000000008000b78       0x50 d:/embedded/cubeide/stm32cubeide_1.5.0/stm32cubeide/plugins/com.st.stm32cube.ide.mcu.externaltools.gnu-tools-for-stm32.7-2018-q2-update.win32_1.5.0.202011040924/tools/bin/../lib/gcc/arm-none-eabi/7.3.1/thumb/v7e-m/fpv4-sp/hard\libgcc.a(_arm_fixdfsi.o)
                0x0000000008000b78                __aeabi_d2iz
                0x0000000008000b78                __fixdfsi
 .text          0x0000000008000bc8       0xa0 d:/embedded/cubeide/stm32cubeide_1.5.0/stm32cubeide/plugins/com.st.stm32cube.ide.mcu.externaltools.gnu-tools-for-stm32.7-2018-q2-update.win32_1.5.0.202011040924/tools/bin/../lib/gcc/arm-none-eabi/7.3.1/thumb/v7e-m/fpv4-sp/hard\libgcc.a(_arm_truncdfsf2.o)
                0x0000000008000bc8                __truncdfsf2
                0x0000000008000bc8                __aeabi_d2f
 .text          0x0000000008000c68       0x30 d:/embedded/cubeide/stm32cubeide_1.5.0/stm32cubeide/plugins/com.st.stm32cube.ide.mcu.externaltools.gnu-tools-for-stm32.7-2018-q2-update.win32_1.5.0.202011040924/tools/bin/../lib/gcc/arm-none-eabi/7.3.1/thumb/v7e-m/fpv4-sp/hard\libgcc.a(_aeabi_uldivmod.o)
                0x0000000008000c68                __aeabi_uldivmod
 .text          0x0000000008000c98       0x30 d:/embedded/cubeide/stm32cubeide_1.5.0/stm32cubeide/plugins/com.st.stm32cube.ide.mcu.externaltools.gnu-tools-for-stm32.7-2018-q2-update.win32_1.5.0.202011040924/tools/bin/../lib/gcc/arm-none-eabi/7.3.1/thumb/v7e-m/fpv4-sp/hard\libgcc.a(_fixdfdi.o)
                0x0000000008000c98                __fixdfdi
                0x0000000008000c98                __aeabi_d2lz
 .text          0x0000000008000cc8       0x44 d:/embedded/cubeide/stm32cubeide_1.5.0/stm32cubeide/plugins/com.st.stm32cube.ide.mcu.externaltools.gnu-tools-for-stm32.7-2018-q2-update.win32_1.5.0.202011040924/tools/bin/../lib/gcc/arm-none-eabi/7.3.1/thumb/v7e-m/fpv4-sp/hard\libgcc.a(_fixunsdfdi.o)
                0x0000000008000cc8                __fixunsdfdi
                0x0000000008000cc8                __aeabi_d2ulz
 .text          0x0000000008000d0c      0x2cc d:/embedded/cubeide/stm32cubeide_1.5.0/stm32cubeide/plugins/com.st.stm32cube.ide.mcu.externaltools.gnu-tools-for-stm32.7-2018-q2-update.win32_1.5.0.202011040924/tools/bin/../lib/gcc/arm-none-eabi/7.3.1/thumb/v7e-m/fpv4-sp/hard\libgcc.a(_udivmoddi4.o)
                0x0000000008000d0c                __udivmoddi4
 .text          0x0000000008000fd8        0x4 d:/embedded/cubeide/stm32cubeide_1.5.0/stm32cubeide/plugins/com.st.stm32cube.ide.mcu.externaltools.gnu-tools-for-stm32.7-2018-q2-update.win32_1.5.0.202011040924/tools/bin/../lib/gcc/arm-none-eabi/7.3.1/thumb/v7e-m/fpv4-sp/hard\libgcc.a(_dvmd_tls.o)
                0x0000000008000fd8                __aeabi_idiv0
                0x0000000008000fd8                __aeabi_ldiv0
 .text          0x0000000008000fdc       0x40 d:/embedded/cubeide/stm32cubeide_1.5.0/stm32cubeide/plugins/com.st.stm32cube.ide.mcu.externaltools.gnu-tools-for-stm32.7-2018-q2-update.win32_1.5.0.202011040924/tools/bin/../lib/gcc/arm-none-eabi/7.3.1/thumb/v7e-m/fpv4-sp/hard\libgcc.a(_arm_fixunsdfsi.o)
                0x0000000008000fdc                __aeabi_d2uiz
                0x0000000008000fdc                __fixunsdfsi
 *(.text*)
 .text.TfLiteIntArrayGetSizeInBytes
                0x000000000800101c        0x6 Core/Src/common.o
                0x000000000800101c                TfLiteIntArrayGetSizeInBytes
 *fill*         0x0000000008001022        0x2 
 .text.TfLiteTypeGetName
                0x0000000008001024       0x18 Core/Src/common.o
                0x0000000008001024                TfLiteTypeGetName
 .text.DebugLog
                0x000000000800103c       0x10 Core/Src/debug_log.o
                0x000000000800103c                DebugLog
 .text._ZN6tflite12_GLOBAL__N_14InitEP13TfLiteContextPKcj
                0x000000000800104c       0x12 Core/Src/depthwise_conv.o
 .text._ZN6tflite12RuntimeShapeD2Ev
                0x000000000800105e       0x16 Core/Src/depthwise_conv.o
                0x000000000800105e                tflite::RuntimeShape::~RuntimeShape()
                0x000000000800105e                tflite::RuntimeShape::~RuntimeShape()
 .text._ZNK6tflite12RuntimeShape4DimsEi
                0x0000000008001074       0x22 Core/Src/depthwise_conv.o
                0x0000000008001074                tflite::RuntimeShape::Dims(int) const
 .text._ZNK6tflite12RuntimeShape8FlatSizeEv
                0x0000000008001096       0x20 Core/Src/depthwise_conv.o
                0x0000000008001096                tflite::RuntimeShape::FlatSize() const
 .text._ZN6tflite6OffsetERKNS_12RuntimeShapeEiiii
                0x00000000080010b6       0x44 Core/Src/depthwise_conv.o
                0x00000000080010b6                tflite::Offset(tflite::RuntimeShape const&, int, int, int, int)
 .text._ZN6tflite11MatchingDimERKNS_12RuntimeShapeEiS2_i
                0x00000000080010fa       0x1e Core/Src/depthwise_conv.o
                0x00000000080010fa                tflite::MatchingDim(tflite::RuntimeShape const&, int, tflite::RuntimeShape const&, int)
 .text._ZN6tflite29MultiplyByQuantizedMultiplierElli
                0x0000000008001118       0xa8 Core/Src/depthwise_conv.o
                0x0000000008001118                tflite::MultiplyByQuantizedMultiplier(long, long, int)
 .text._ZN6tflite21reference_integer_ops23DepthwiseConvPerChannelERKNS_15DepthwiseParamsEPKlS5_RKNS_12RuntimeShapeEPKaS8_SA_S8_S5_S8_Pa
                0x00000000080011c0      0x258 Core/Src/depthwise_conv.o
                0x00000000080011c0                tflite::reference_integer_ops::DepthwiseConvPerChannel(tflite::DepthwiseParams const&, long const*, long const*, tflite::RuntimeShape const&, signed char const*, tflite::RuntimeShape const&, signed char const*, tflite::RuntimeShape const&, long const*, tflite::RuntimeShape const&, signed char*)
 .text._ZN6tflite13reference_ops13DepthwiseConvERKNS_15DepthwiseParamsERKNS_12RuntimeShapeEPKfS6_S8_S6_S8_S6_Pf
                0x0000000008001418      0x250 Core/Src/depthwise_conv.o
                0x0000000008001418                tflite::reference_ops::DepthwiseConv(tflite::DepthwiseParams const&, tflite::RuntimeShape const&, float const*, tflite::RuntimeShape const&, float const*, tflite::RuntimeShape const&, float const*, tflite::RuntimeShape const&, float*)
 .text._ZN6tflite14ComputeOutSizeE13TfLitePaddingiiii
                0x0000000008001668       0x24 Core/Src/depthwise_conv.o
                0x0000000008001668                tflite::ComputeOutSize(TfLitePadding, int, int, int, int)
 .text._ZN6tflite12_GLOBAL__N_17PrepareEP13TfLiteContextP10TfLiteNode
                0x000000000800168c      0x2c4 Core/Src/depthwise_conv.o
 .text._ZN6tflite5micro19GetMutableEvalInputEPK13TfLiteContextPK10TfLiteNodei
                0x0000000008001950       0x1c Core/Src/depthwise_conv.o
                0x0000000008001950                tflite::micro::GetMutableEvalInput(TfLiteContext const*, TfLiteNode const*, int)
 .text._ZN6tflite26Register_DEPTHWISE_CONV_2DEv
                0x000000000800196c       0x1c Core/Src/depthwise_conv.o
                0x000000000800196c                tflite::Register_DEPTHWISE_CONV_2D()
 .text._ZN6tflite13reference_ops14depthwise_conv24DepthwiseConvBasicKernelILNS_27DepthwiseConvOutputRoundingE1EE3RunERKNS_15DepthwiseParamsERKNS_12RuntimeShapeEPKhSA_SC_SA_PKlSA_Ph
                0x0000000008001988      0x248 Core/Src/depthwise_conv.o
                0x0000000008001988                tflite::reference_ops::depthwise_conv::DepthwiseConvBasicKernel<(tflite::DepthwiseConvOutputRounding)1>::Run(tflite::DepthwiseParams const&, tflite::RuntimeShape const&, unsigned char const*, tflite::RuntimeShape const&, unsigned char const*, tflite::RuntimeShape const&, long const*, tflite::RuntimeShape const&, unsigned char*)
 .text._ZN6tflite12_GLOBAL__N_14EvalEP13TfLiteContextP10TfLiteNode
                0x0000000008001bd0      0x2fc Core/Src/depthwise_conv.o
 .text._ZN6tflite13ErrorReporter6ReportEPKcz
                0x0000000008001ecc       0x1c Core/Src/error_reporter.o
                0x0000000008001ecc                tflite::ErrorReporter::Report(char const*, ...)
 .text._ZN6tflite13ErrorReporter11ReportErrorEPvPKcz
                0x0000000008001ee8       0x1c Core/Src/error_reporter.o
                0x0000000008001ee8                tflite::ErrorReporter::ReportError(void*, char const*, ...)
 .text._ZN6tflite12_GLOBAL__N_124SafeBuiltinDataAllocator18BuiltinDataDeleterclEPv
                0x0000000008001f04        0x8 Core/Src/flatbuffer_conversions.o
 .text._ZN6tflite12_GLOBAL__N_117ConvertActivationENS_22ActivationFunctionTypeE
                0x0000000008001f0c       0x14 Core/Src/flatbuffer_conversions.o
 .text._ZN6tflite12_GLOBAL__N_114ConvertPaddingENS_7PaddingE
                0x0000000008001f20       0x10 Core/Src/flatbuffer_conversions.o
 .text._ZN6tflite12_GLOBAL__N_123CheckParsePointerParamsEPKNS_8OperatorEPNS_13ErrorReporterEPNS_20BuiltinDataAllocatorEPPv
                0x0000000008001f30       0x16 Core/Src/flatbuffer_conversions.o
 *fill*         0x0000000008001f46        0x2 
 .text._ZN6tflite12_GLOBAL__N_126FlatBufferIntVectorToArrayEiPKN11flatbuffers6VectorIlEEPiPNS_13ErrorReporterEPKc.constprop.56
                0x0000000008001f48       0x40 Core/Src/flatbuffer_conversions.o
 .text._ZNK11flatbuffers5Table22GetOptionalFieldOffsetEt
                0x0000000008001f88       0x10 Core/Src/flatbuffer_conversions.o
                0x0000000008001f88                flatbuffers::Table::GetOptionalFieldOffset(unsigned short) const
 .text._ZNK6tflite8Operator15builtin_optionsEv
                0x0000000008001f98       0x14 Core/Src/flatbuffer_conversions.o
                0x0000000008001f98                tflite::Operator::builtin_options() const
 .text._ZN6tflite17ConvertTensorTypeENS_10TensorTypeEP10TfLiteTypePNS_13ErrorReporterE
                0x0000000008001fac       0x68 Core/Src/flatbuffer_conversions.o
                0x0000000008001fac                tflite::ConvertTensorType(tflite::TensorType, TfLiteType*, tflite::ErrorReporter*)
 .text._ZNK11flatbuffers5Table8GetFieldIhEET_tS2_
                0x0000000008002014       0x12 Core/Src/flatbuffer_conversions.o
                0x0000000008002014                unsigned char flatbuffers::Table::GetField<unsigned char>(unsigned short, unsigned char) const
 .text._ZNK6tflite8Operator20builtin_options_typeEv
                0x0000000008002026        0xc Core/Src/flatbuffer_conversions.o
                0x0000000008002026                tflite::Operator::builtin_options_type() const
 *fill*         0x0000000008002032        0x2 
 .text._ZN6tflite12ParseReshapeEPKNS_8OperatorEPNS_13ErrorReporterEPNS_20BuiltinDataAllocatorEPPv
                0x0000000008002034       0xac Core/Src/flatbuffer_conversions.o
                0x0000000008002034                tflite::ParseReshape(tflite::Operator const*, tflite::ErrorReporter*, tflite::BuiltinDataAllocator*, void**)
 .text._ZNK11flatbuffers5Table8GetFieldIlEET_tS2_
                0x00000000080020e0       0x12 Core/Src/flatbuffer_conversions.o
                0x00000000080020e0                long flatbuffers::Table::GetField<long>(unsigned short, long) const
 .text._ZNK11flatbuffers5Table8GetFieldIaEET_tS2_
                0x00000000080020f2       0x12 Core/Src/flatbuffer_conversions.o
                0x00000000080020f2                signed char flatbuffers::Table::GetField<signed char>(unsigned short, signed char) const
 .text._ZN6tflite20ParseDepthwiseConv2DEPKNS_8OperatorEPNS_13ErrorReporterEPNS_20BuiltinDataAllocatorEPPv
                0x0000000008002104       0xe0 Core/Src/flatbuffer_conversions.o
                0x0000000008002104                tflite::ParseDepthwiseConv2D(tflite::Operator const*, tflite::ErrorReporter*, tflite::BuiltinDataAllocator*, void**)
 .text._ZN6tflite19ParseFullyConnectedEPKNS_8OperatorEPNS_13ErrorReporterEPNS_20BuiltinDataAllocatorEPPv
                0x00000000080021e4       0xd8 Core/Src/flatbuffer_conversions.o
                0x00000000080021e4                tflite::ParseFullyConnected(tflite::Operator const*, tflite::ErrorReporter*, tflite::BuiltinDataAllocator*, void**)
 .text._ZNK11flatbuffers5Table8GetFieldIfEET_tS2_
                0x00000000080022bc       0x22 Core/Src/flatbuffer_conversions.o
                0x00000000080022bc                float flatbuffers::Table::GetField<float>(unsigned short, float) const
 *fill*         0x00000000080022de        0x2 
 .text._ZN6tflite12ParseSoftmaxEPKNS_8OperatorEPNS_13ErrorReporterEPNS_20BuiltinDataAllocatorEPPv
                0x00000000080022e0       0x90 Core/Src/flatbuffer_conversions.o
                0x00000000080022e0                tflite::ParseSoftmax(tflite::Operator const*, tflite::ErrorReporter*, tflite::BuiltinDataAllocator*, void**)
 .text._ZN6tflite12_GLOBAL__N_14InitEP13TfLiteContextPKcj
                0x0000000008002370       0x12 Core/Src/fully_connected.o
 *fill*         0x0000000008002382        0x2 
 .text._ZN6tflite12_GLOBAL__N_17PrepareEP13TfLiteContextP10TfLiteNode
                0x0000000008002384      0x144 Core/Src/fully_connected.o
 .text._ZN6tflite15FlatSizeSkipDimERKNS_12RuntimeShapeEi
                0x00000000080024c8       0x32 Core/Src/fully_connected.o
                0x00000000080024c8                tflite::FlatSizeSkipDim(tflite::RuntimeShape const&, int)
 .text._ZN6tflite13reference_ops14FullyConnectedERKNS_20FullyConnectedParamsERKNS_12RuntimeShapeEPKhS6_S8_S6_PKlS6_Ph
                0x00000000080024fa       0xee Core/Src/fully_connected.o
                0x00000000080024fa                tflite::reference_ops::FullyConnected(tflite::FullyConnectedParams const&, tflite::RuntimeShape const&, unsigned char const*, tflite::RuntimeShape const&, unsigned char const*, tflite::RuntimeShape const&, long const*, tflite::RuntimeShape const&, unsigned char*)
 .text._ZN6tflite21reference_integer_ops14FullyConnectedERKNS_20FullyConnectedParamsERKNS_12RuntimeShapeEPKaS6_S8_S6_PKlS6_Pa
                0x00000000080025e8       0xf2 Core/Src/fully_connected.o
                0x00000000080025e8                tflite::reference_integer_ops::FullyConnected(tflite::FullyConnectedParams const&, tflite::RuntimeShape const&, signed char const*, tflite::RuntimeShape const&, signed char const*, tflite::RuntimeShape const&, long const*, tflite::RuntimeShape const&, signed char*)
 *fill*         0x00000000080026da        0x2 
 .text._ZN6tflite12_GLOBAL__N_14EvalEP13TfLiteContextP10TfLiteNode
                0x00000000080026dc      0x430 Core/Src/fully_connected.o
 .text._ZN6tflite24Register_FULLY_CONNECTEDEv
                0x0000000008002b0c       0x1c Core/Src/fully_connected.o
                0x0000000008002b0c                tflite::Register_FULLY_CONNECTED()
 .text._ZN6tflite19GreedyMemoryPlannerD2Ev
                0x0000000008002b28        0x2 Core/Src/greedy_memory_planner.o
                0x0000000008002b28                tflite::GreedyMemoryPlanner::~GreedyMemoryPlanner()
                0x0000000008002b28                tflite::GreedyMemoryPlanner::~GreedyMemoryPlanner()
 .text._ZN6tflite19GreedyMemoryPlanner14GetBufferCountEv
                0x0000000008002b2a        0x4 Core/Src/greedy_memory_planner.o
                0x0000000008002b2a                tflite::GreedyMemoryPlanner::GetBufferCount()
 .text._ZN6tflite19GreedyMemoryPlannerD0Ev
                0x0000000008002b2e        0xe Core/Src/greedy_memory_planner.o
                0x0000000008002b2e                tflite::GreedyMemoryPlanner::~GreedyMemoryPlanner()
 .text._ZN6tflite19GreedyMemoryPlanner9AddBufferEPNS_13ErrorReporterEiii
                0x0000000008002b3c       0x40 Core/Src/greedy_memory_planner.o
                0x0000000008002b3c                tflite::GreedyMemoryPlanner::AddBuffer(tflite::ErrorReporter*, int, int, int)
 .text._ZN6tflite18ReverseSortInPlaceEPiS0_i
                0x0000000008002b7c       0x3c Core/Src/greedy_memory_planner.o
                0x0000000008002b7c                tflite::ReverseSortInPlace(int*, int*, int)
 .text._ZN6tflite19GreedyMemoryPlannerC2EPhi
                0x0000000008002bb8       0x38 Core/Src/greedy_memory_planner.o
                0x0000000008002bb8                tflite::GreedyMemoryPlanner::GreedyMemoryPlanner(unsigned char*, int)
                0x0000000008002bb8                tflite::GreedyMemoryPlanner::GreedyMemoryPlanner(unsigned char*, int)
 .text._ZN6tflite19GreedyMemoryPlanner9AddBufferEPNS_13ErrorReporterEiiii
                0x0000000008002bf0       0x22 Core/Src/greedy_memory_planner.o
                0x0000000008002bf0                tflite::GreedyMemoryPlanner::AddBuffer(tflite::ErrorReporter*, int, int, int, int)
 .text._ZNK6tflite19GreedyMemoryPlanner22DoesEntryOverlapInTimeEPKNS0_9ListEntryEii
                0x0000000008002c12       0x20 Core/Src/greedy_memory_planner.o
                0x0000000008002c12                tflite::GreedyMemoryPlanner::DoesEntryOverlapInTime(tflite::GreedyMemoryPlanner::ListEntry const*, int, int) const
 .text._ZN6tflite19GreedyMemoryPlanner30NextSimultaneouslyActiveBufferEPKNS0_9ListEntryEii
                0x0000000008002c32       0x48 Core/Src/greedy_memory_planner.o
                0x0000000008002c32                tflite::GreedyMemoryPlanner::NextSimultaneouslyActiveBuffer(tflite::GreedyMemoryPlanner::ListEntry const*, int, int)
 .text._ZN6tflite19GreedyMemoryPlanner24CalculateOffsetsIfNeededEv
                0x0000000008002c7a      0x174 Core/Src/greedy_memory_planner.o
                0x0000000008002c7a                tflite::GreedyMemoryPlanner::CalculateOffsetsIfNeeded()
 .text._ZN6tflite19GreedyMemoryPlanner20GetMaximumMemorySizeEv
                0x0000000008002dee       0x3a Core/Src/greedy_memory_planner.o
                0x0000000008002dee                tflite::GreedyMemoryPlanner::GetMaximumMemorySize()
 .text._ZN6tflite19GreedyMemoryPlanner18GetOffsetForBufferEPNS_13ErrorReporterEiPi
                0x0000000008002e28       0x38 Core/Src/greedy_memory_planner.o
                0x0000000008002e28                tflite::GreedyMemoryPlanner::GetOffsetForBuffer(tflite::ErrorReporter*, int, int*)
 .text._ZN6tflite5micro14GetTensorShapeEPK16TfLiteEvalTensor
                0x0000000008002e60       0x48 Core/Src/kernel_util - Copy.o
                0x0000000008002e60                tflite::micro::GetTensorShape(TfLiteEvalTensor const*)
 .text._ZN6tflite12_GLOBAL__N_116GetTensorAtIndexEPK13TfLiteContexti
                0x0000000008002ea8       0x18 Core/Src/kernel_util.o
 .text._ZZN6tflite12_GLOBAL__N_137CalculateActivationRangeQuantizedImplE21TfLiteFusedActivationllP12TfLiteTensorPlS4_ENKUlfE_clEf
                0x0000000008002ec0       0x1e Core/Src/kernel_util.o
 .text._ZN6tflite12_GLOBAL__N_122ValidateTensorIndexingEPK13TfLiteContextiiPKi.isra.1
                0x0000000008002ede       0x14 Core/Src/kernel_util.o
 .text._ZN6tflite8GetInputEPK13TfLiteContextPK10TfLiteNodei
                0x0000000008002ef2       0x22 Core/Src/kernel_util.o
                0x0000000008002ef2                tflite::GetInput(TfLiteContext const*, TfLiteNode const*, int)
 .text._ZN6tflite9GetOutputEP13TfLiteContextPK10TfLiteNodei
                0x0000000008002f14       0x22 Core/Src/kernel_util.o
                0x0000000008002f14                tflite::GetOutput(TfLiteContext*, TfLiteNode const*, int)
 .text._ZN6tflite22GetOptionalInputTensorEPK13TfLiteContextPK10TfLiteNodei
                0x0000000008002f36        0x4 Core/Src/kernel_util.o
                0x0000000008002f36                tflite::GetOptionalInputTensor(TfLiteContext const*, TfLiteNode const*, int)
 *fill*         0x0000000008002f3a        0x2 
 .text._ZN6tflite32GetQuantizedConvolutionMultiplerEP13TfLiteContextPK12TfLiteTensorS4_PS2_Pd
                0x0000000008002f3c       0x64 Core/Src/kernel_util.o
                0x0000000008002f3c                tflite::GetQuantizedConvolutionMultipler(TfLiteContext*, TfLiteTensor const*, TfLiteTensor const*, TfLiteTensor*, double*)
 .text._ZN6tflite32GetQuantizedConvolutionMultiplerEP13TfLiteContextPK12TfLiteTensorS4_S4_PS2_Pd
                0x0000000008002fa0       0xbc Core/Src/kernel_util.o
                0x0000000008002fa0                tflite::GetQuantizedConvolutionMultipler(TfLiteContext*, TfLiteTensor const*, TfLiteTensor const*, TfLiteTensor const*, TfLiteTensor*, double*)
 .text._ZN6tflite33CalculateActivationRangeQuantizedEP13TfLiteContext21TfLiteFusedActivationP12TfLiteTensorPlS5_
                0x000000000800305c       0xc4 Core/Src/kernel_util.o
                0x000000000800305c                tflite::CalculateActivationRangeQuantized(TfLiteContext*, TfLiteFusedActivation, TfLiteTensor*, long*, long*)
 .text._ZN6tflite37PopulateConvolutionQuantizationParamsEP13TfLiteContextPK12TfLiteTensorS4_S4_PS2_RK21TfLiteFusedActivationPlPiS9_S9_S9_SA_i
                0x0000000008003120      0x210 Core/Src/kernel_util.o
                0x0000000008003120                tflite::PopulateConvolutionQuantizationParams(TfLiteContext*, TfLiteTensor const*, TfLiteTensor const*, TfLiteTensor const*, TfLiteTensor*, TfLiteFusedActivation const&, long*, int*, long*, long*, long*, int*, int)
 .text._ZNK6tflite10OpResolver12GetDelegatesEi
                0x0000000008003330        0xa Core/Src/main.o
                0x0000000008003330                tflite::OpResolver::GetDelegates(int) const
 .text._ZNK6tflite15MicroOpResolver6FindOpENS_15BuiltinOperatorEi
                0x000000000800333a        0x6 Core/Src/main.o
                0x000000000800333a                tflite::MicroOpResolver::FindOp(tflite::BuiltinOperator, int) const
 .text._ZNK6tflite15MicroOpResolver6FindOpEPKci
                0x0000000008003340        0x6 Core/Src/main.o
                0x0000000008003340                tflite::MicroOpResolver::FindOp(char const*, int) const
 .text._ZNK6tflite22MicroMutableOpResolverILj4EE6FindOpENS_15BuiltinOperatorE
                0x0000000008003346       0x28 Core/Src/main.o
                0x0000000008003346                tflite::MicroMutableOpResolver<4u>::FindOp(tflite::BuiltinOperator) const
 .text._ZN6tflite22MicroMutableOpResolverILj4EED2Ev
                0x000000000800336e        0x2 Core/Src/main.o
                0x000000000800336e                tflite::MicroMutableOpResolver<4u>::~MicroMutableOpResolver()
                0x000000000800336e                tflite::MicroMutableOpResolver<4u>::~MicroMutableOpResolver()
 .text._ZN6tflite22MicroMutableOpResolverILj4EED0Ev
                0x0000000008003370        0xe Core/Src/main.o
                0x0000000008003370                tflite::MicroMutableOpResolver<4u>::~MicroMutableOpResolver()
 .text._ZNK6tflite22MicroMutableOpResolverILj4EE15GetOpDataParserENS_15BuiltinOperatorE
                0x000000000800337e       0x32 Core/Src/main.o
                0x000000000800337e                tflite::MicroMutableOpResolver<4u>::GetOpDataParser(tflite::BuiltinOperator) const
 .text._ZNK6tflite22MicroMutableOpResolverILj4EE6FindOpEPKc
                0x00000000080033b0       0x38 Core/Src/main.o
                0x00000000080033b0                tflite::MicroMutableOpResolver<4u>::FindOp(char const*) const
 .text._Z11readSamplesv
                0x00000000080033e8       0x34 Core/Src/main.o
                0x00000000080033e8                readSamples()
 .text._Z18SystemClock_Configv
                0x000000000800341c       0xb4 Core/Src/main.o
                0x000000000800341c                SystemClock_Config()
 .text._ZN6tflite22MicroMutableOpResolverILj4EE10AddBuiltinENS_15BuiltinOperatorERK18TfLiteRegistrationPF12TfLiteStatusPKNS_8OperatorEPNS_13ErrorReporterEPNS_20BuiltinDataAllocatorEPPvE
                0x00000000080034d0       0xa8 Core/Src/main.o
                0x00000000080034d0                tflite::MicroMutableOpResolver<4u>::AddBuiltin(tflite::BuiltinOperator, TfLiteRegistration const&, TfLiteStatus (*)(tflite::Operator const*, tflite::ErrorReporter*, tflite::BuiltinDataAllocator*, void**))
 .text.startup.main
                0x0000000008003578      0x2ec Core/Src/main.o
                0x0000000008003578                main
 .text._ZN6tflite14AlignPointerUpEPhj
                0x0000000008003864        0xc Core/Src/memory_helpers.o
                0x0000000008003864                tflite::AlignPointerUp(unsigned char*, unsigned int)
 .text._ZN6tflite16AlignPointerDownEPhj
                0x0000000008003870        0x8 Core/Src/memory_helpers.o
                0x0000000008003870                tflite::AlignPointerDown(unsigned char*, unsigned int)
 .text._ZN6tflite11AlignSizeUpEjj
                0x0000000008003878        0xc Core/Src/memory_helpers.o
                0x0000000008003878                tflite::AlignSizeUp(unsigned int, unsigned int)
 .text._ZN6tflite16TfLiteTypeSizeOfE10TfLiteTypePj
                0x0000000008003884       0x34 Core/Src/memory_helpers.o
                0x0000000008003884                tflite::TfLiteTypeSizeOf(TfLiteType, unsigned int*)
 .text._ZN6tflite22BytesRequiredForTensorERKNS_6TensorEPjS3_PNS_13ErrorReporterE
                0x00000000080038b8       0x7a Core/Src/memory_helpers.o
                0x00000000080038b8                tflite::BytesRequiredForTensor(tflite::Tensor const&, unsigned int*, unsigned int*, tflite::ErrorReporter*)
 .text._ZN6tflite26TfLiteEvalTensorByteLengthEPK16TfLiteEvalTensorPj
                0x0000000008003932       0x3a Core/Src/memory_helpers.o
                0x0000000008003932                tflite::TfLiteEvalTensorByteLength(TfLiteEvalTensor const*, unsigned int*)
 .text._ZN6tflite12_GLOBAL__N_125MicroBuiltinDataAllocator8AllocateEjj
                0x000000000800396c        0x8 Core/Src/micro_allocator.o
 .text._ZN6tflite12_GLOBAL__N_125MicroBuiltinDataAllocator10DeallocateEPv
                0x0000000008003974        0x2 Core/Src/micro_allocator.o
 .text._ZN6tflite14MicroAllocatorD2Ev
                0x0000000008003976        0x2 Core/Src/micro_allocator.o
                0x0000000008003976                tflite::MicroAllocator::~MicroAllocator()
                0x0000000008003976                tflite::MicroAllocator::~MicroAllocator()
 .text._ZN6tflite14MicroAllocator24AllocatePersistentBufferEj
                0x0000000008003978        0xa Core/Src/micro_allocator.o
                0x0000000008003978                tflite::MicroAllocator::AllocatePersistentBuffer(unsigned int)
 .text._ZN6tflite14MicroAllocator20ResetTempAllocationsEv
                0x0000000008003982        0x8 Core/Src/micro_allocator.o
                0x0000000008003982                tflite::MicroAllocator::ResetTempAllocations()
 .text._ZN6tflite14MicroAllocator38AllocatePersistentTfLiteTensorInternalEPKNS_5ModelEP16TfLiteEvalTensori
                0x000000000800398a        0xc Core/Src/micro_allocator.o
                0x000000000800398a                tflite::MicroAllocator::AllocatePersistentTfLiteTensorInternal(tflite::Model const*, TfLiteEvalTensor*, int)
 .text._ZN6tflite12_GLOBAL__N_125MicroBuiltinDataAllocatorD2Ev
                0x0000000008003996        0x2 Core/Src/micro_allocator.o
 .text._ZN6tflite14MicroAllocatorD0Ev
                0x0000000008003998        0xe Core/Src/micro_allocator.o
                0x0000000008003998                tflite::MicroAllocator::~MicroAllocator()
 .text._ZN6tflite12_GLOBAL__N_125MicroBuiltinDataAllocatorD0Ev
                0x00000000080039a6        0xe Core/Src/micro_allocator.o
 .text._ZN6tflite14MicroAllocator28AllocateScratchBufferHandlesEPPNS_19ScratchBufferHandleEj
                0x00000000080039b4       0x22 Core/Src/micro_allocator.o
                0x00000000080039b4                tflite::MicroAllocator::AllocateScratchBufferHandles(tflite::ScratchBufferHandle**, unsigned int)
 .text._ZNK6tflite22QuantizationParameters5scaleEv
                0x00000000080039d6       0x14 Core/Src/micro_allocator.o
                0x00000000080039d6                tflite::QuantizationParameters::scale() const
 .text._ZNK6tflite22QuantizationParameters10zero_pointEv
                0x00000000080039ea       0x14 Core/Src/micro_allocator.o
                0x00000000080039ea                tflite::QuantizationParameters::zero_point() const
 .text._ZNK6tflite6Tensor4typeEv
                0x00000000080039fe       0x12 Core/Src/micro_allocator.o
                0x00000000080039fe                tflite::Tensor::type() const
 .text._ZNK6tflite6Tensor11is_variableEv
                0x0000000008003a10       0x16 Core/Src/micro_allocator.o
                0x0000000008003a10                tflite::Tensor::is_variable() const
 .text._ZNK6tflite8SubGraph7tensorsEv
                0x0000000008003a26       0x14 Core/Src/micro_allocator.o
                0x0000000008003a26                tflite::SubGraph::tensors() const
 *fill*         0x0000000008003a3a        0x2 
 .text._ZN6tflite14MicroAllocator6CreateEPNS_21SimpleMemoryAllocatorEPNS_13ErrorReporterE
                0x0000000008003a3c       0x34 Core/Src/micro_allocator.o
                0x0000000008003a3c                tflite::MicroAllocator::Create(tflite::SimpleMemoryAllocator*, tflite::ErrorReporter*)
 .text._ZN6tflite14MicroAllocator6CreateEPhjPNS_13ErrorReporterE
                0x0000000008003a70       0x24 Core/Src/micro_allocator.o
                0x0000000008003a70                tflite::MicroAllocator::Create(unsigned char*, unsigned int, tflite::ErrorReporter*)
 .text._ZN6tflite14MicroAllocator20GetSubGraphFromModelEPKNS_5ModelE
                0x0000000008003a94       0x38 Core/Src/micro_allocator.o
                0x0000000008003a94                tflite::MicroAllocator::GetSubGraphFromModel(tflite::Model const*)
 .text._ZN6tflite14MicroAllocator21FinishModelAllocationEPKNS_5ModelEP16TfLiteEvalTensorPPNS_19ScratchBufferHandleE
                0x0000000008003acc       0x6c Core/Src/micro_allocator.o
                0x0000000008003acc                tflite::MicroAllocator::FinishModelAllocation(tflite::Model const*, TfLiteEvalTensor*, tflite::ScratchBufferHandle**)
 .text._ZN6tflite14MicroAllocator30AllocatePersistentTfLiteTensorEPKNS_5ModelEP16TfLiteEvalTensori
                0x0000000008003b38       0x68 Core/Src/micro_allocator.o
                0x0000000008003b38                tflite::MicroAllocator::AllocatePersistentTfLiteTensor(tflite::Model const*, TfLiteEvalTensor*, int)
 .text._ZN6tflite14MicroAllocator24AllocateTempTfLiteTensorEPKNS_5ModelEP16TfLiteEvalTensori
                0x0000000008003ba0       0x64 Core/Src/micro_allocator.o
                0x0000000008003ba0                tflite::MicroAllocator::AllocateTempTfLiteTensor(tflite::Model const*, TfLiteEvalTensor*, int)
 .text._ZN6tflite14MicroAllocator21InitScratchBufferDataEv
                0x0000000008003c04       0x10 Core/Src/micro_allocator.o
                0x0000000008003c04                tflite::MicroAllocator::InitScratchBufferData()
 .text._ZN6tflite14MicroAllocator20StartModelAllocationEPKNS_5ModelERKNS_15MicroOpResolverEPPNS_19NodeAndRegistrationEPP16TfLiteEvalTensor
                0x0000000008003c14       0x6c Core/Src/micro_allocator.o
                0x0000000008003c14                tflite::MicroAllocator::StartModelAllocation(tflite::Model const*, tflite::MicroOpResolver const&, tflite::NodeAndRegistration**, TfLiteEvalTensor**)
 .text._ZN6tflite14MicroAllocator24GetScratchBufferRequestsEv
                0x0000000008003c80       0x12 Core/Src/micro_allocator.o
                0x0000000008003c80                tflite::MicroAllocator::GetScratchBufferRequests()
 *fill*         0x0000000008003c92        0x2 
 .text._ZN6tflite14MicroAllocator27RequestScratchBufferInArenaEjPi
                0x0000000008003c94       0x5c Core/Src/micro_allocator.o
                0x0000000008003c94                tflite::MicroAllocator::RequestScratchBufferInArena(unsigned int, int*)
 .text._ZN6tflite14MicroAllocator28FinishPrepareNodeAllocationsEi
                0x0000000008003cf0       0x3a Core/Src/micro_allocator.o
                0x0000000008003cf0                tflite::MicroAllocator::FinishPrepareNodeAllocations(int)
 *fill*         0x0000000008003d2a        0x2 
 .text._ZNK11flatbuffers6VectorIxE3GetEm
                0x0000000008003d2c       0x2c Core/Src/micro_allocator.o
                0x0000000008003d2c                flatbuffers::Vector<long long>::Get(unsigned long) const
 .text._ZNK11flatbuffers6VectorIlE3GetEm
                0x0000000008003d58       0x2c Core/Src/micro_allocator.o
                0x0000000008003d58                flatbuffers::Vector<long>::Get(unsigned long) const
 .text._ZNK11flatbuffers6VectorINS_6OffsetIN6tflite6TensorEEEE3GetEm
                0x0000000008003d84       0x30 Core/Src/micro_allocator.o
                0x0000000008003d84                flatbuffers::Vector<flatbuffers::Offset<tflite::Tensor> >::Get(unsigned long) const
 .text._ZN6tflite14MicroAllocator17AllocateVariablesEPKNS_8SubGraphEP16TfLiteEvalTensor
                0x0000000008003db4       0x64 Core/Src/micro_allocator.o
                0x0000000008003db4                tflite::MicroAllocator::AllocateVariables(tflite::SubGraph const*, TfLiteEvalTensor*)
 .text._ZNK11flatbuffers6VectorINS_6OffsetIN6tflite8OperatorEEEE3GetEm
                0x0000000008003e18       0x30 Core/Src/micro_allocator.o
                0x0000000008003e18                flatbuffers::Vector<flatbuffers::Offset<tflite::Operator> >::Get(unsigned long) const
 .text._ZNK11flatbuffers6VectorINS_6OffsetIN6tflite6BufferEEEE3GetEm
                0x0000000008003e48       0x30 Core/Src/micro_allocator.o
                0x0000000008003e48                flatbuffers::Vector<flatbuffers::Offset<tflite::Buffer> >::Get(unsigned long) const
 .text._ZN11flatbuffers5Table10GetPointerIPKNS_6VectorIhEEEET_t
                0x0000000008003e78       0x12 Core/Src/micro_allocator.o
                0x0000000008003e78                flatbuffers::Vector<unsigned char> const* flatbuffers::Table::GetPointer<flatbuffers::Vector<unsigned char> const*>(unsigned short)
 .text._ZN6tflite8internal25GetFlatbufferTensorBufferERKNS_6TensorEPKN11flatbuffers6VectorINS4_6OffsetINS_6BufferEEEEE
                0x0000000008003e8a       0x32 Core/Src/micro_allocator.o
                0x0000000008003e8a                tflite::internal::GetFlatbufferTensorBuffer(tflite::Tensor const&, flatbuffers::Vector<flatbuffers::Offset<tflite::Buffer> > const*)
 .text._ZN11flatbuffers5Table10GetPointerIPKNS_6VectorIlEEEET_t
                0x0000000008003ebc       0x12 Core/Src/micro_allocator.o
                0x0000000008003ebc                flatbuffers::Vector<long> const* flatbuffers::Table::GetPointer<flatbuffers::Vector<long> const*>(unsigned short)
 *fill*         0x0000000008003ece        0x2 
 .text._ZN6tflite8internal36InitializeTfLiteTensorFromFlatbufferEPNS_21SimpleMemoryAllocatorEbRKNS_6TensorEPKN11flatbuffers6VectorINS6_6OffsetINS_6BufferEEEEEPNS_13ErrorReporterEP12TfLiteTensor
                0x0000000008003ed0      0x184 Core/Src/micro_allocator.o
                0x0000000008003ed0                tflite::internal::InitializeTfLiteTensorFromFlatbuffer(tflite::SimpleMemoryAllocator*, bool, tflite::Tensor const&, flatbuffers::Vector<flatbuffers::Offset<tflite::Buffer> > const*, tflite::ErrorReporter*, TfLiteTensor*)
 .text._ZN6tflite8internal40InitializeTfLiteEvalTensorFromFlatbufferEPNS_21SimpleMemoryAllocatorERKNS_6TensorEPKN11flatbuffers6VectorINS6_6OffsetINS_6BufferEEEEEPNS_13ErrorReporterEP16TfLiteEvalTensor
                0x0000000008004054       0x58 Core/Src/micro_allocator.o
                0x0000000008004054                tflite::internal::InitializeTfLiteEvalTensorFromFlatbuffer(tflite::SimpleMemoryAllocator*, tflite::Tensor const&, flatbuffers::Vector<flatbuffers::Offset<tflite::Buffer> > const*, tflite::ErrorReporter*, TfLiteEvalTensor*)
 .text._ZN11flatbuffers5Table10GetPointerIPKNS_6VectorINS_6OffsetIN6tflite8OperatorEEEEEEET_t
                0x00000000080040ac       0x12 Core/Src/micro_allocator.o
                0x00000000080040ac                flatbuffers::Vector<flatbuffers::Offset<tflite::Operator> > const* flatbuffers::Table::GetPointer<flatbuffers::Vector<flatbuffers::Offset<tflite::Operator> > const*>(unsigned short)
 *fill*         0x00000000080040be        0x2 
 .text._ZN6tflite14MicroAllocator44PrepareNodeAndRegistrationDataFromFlatbufferEPKNS_5ModelERKNS_15MicroOpResolverEPNS_19NodeAndRegistrationE
                0x00000000080040c0      0x1b8 Core/Src/micro_allocator.o
                0x00000000080040c0                tflite::MicroAllocator::PrepareNodeAndRegistrationDataFromFlatbuffer(tflite::Model const*, tflite::MicroOpResolver const&, tflite::NodeAndRegistration*)
 .text._ZN6tflite14MicroAllocator28AllocateNodeAndRegistrationsEPKNS_5ModelEPPNS_19NodeAndRegistrationE
                0x0000000008004278       0x44 Core/Src/micro_allocator.o
                0x0000000008004278                tflite::MicroAllocator::AllocateNodeAndRegistrations(tflite::Model const*, tflite::NodeAndRegistration**)
 .text._ZN11flatbuffers5Table10GetPointerIPKNS_6VectorINS_6OffsetIN6tflite6BufferEEEEEEET_t
                0x00000000080042bc       0x12 Core/Src/micro_allocator.o
                0x00000000080042bc                flatbuffers::Vector<flatbuffers::Offset<tflite::Buffer> > const* flatbuffers::Table::GetPointer<flatbuffers::Vector<flatbuffers::Offset<tflite::Buffer> > const*>(unsigned short)
 .text._ZN6tflite14MicroAllocator34PopulateTfLiteTensorFromFlatbufferEPKNS_5ModelEPKNS_8SubGraphEP12TfLiteTensorib
                0x00000000080042ce       0x3a Core/Src/micro_allocator.o
                0x00000000080042ce                tflite::MicroAllocator::PopulateTfLiteTensorFromFlatbuffer(tflite::Model const*, tflite::SubGraph const*, TfLiteTensor*, int, bool)
 .text._ZN6tflite14MicroAllocator25AllocateTfLiteEvalTensorsEPKNS_5ModelEPP16TfLiteEvalTensor
                0x0000000008004308       0x98 Core/Src/micro_allocator.o
                0x0000000008004308                tflite::MicroAllocator::AllocateTfLiteEvalTensors(tflite::Model const*, TfLiteEvalTensor**)
 .text._ZN6tflite14MicroAllocator22CommitStaticMemoryPlanEPKNS_5ModelEPKNS_8SubGraphEP16TfLiteEvalTensorPNS_19ScratchBufferHandleE
                0x00000000080043a0      0x3fc Core/Src/micro_allocator.o
                0x00000000080043a0                tflite::MicroAllocator::CommitStaticMemoryPlan(tflite::Model const*, tflite::SubGraph const*, TfLiteEvalTensor*, tflite::ScratchBufferHandle*)
 .text._ZN6tflite18MicroErrorReporterD2Ev
                0x000000000800479c        0x2 Core/Src/micro_error_reporter.o
                0x000000000800479c                tflite::MicroErrorReporter::~MicroErrorReporter()
                0x000000000800479c                tflite::MicroErrorReporter::~MicroErrorReporter()
 *fill*         0x000000000800479e        0x2 
 .text._ZN6tflite18MicroErrorReporter6ReportEPKcSt9__va_list
                0x00000000080047a0       0x2c Core/Src/micro_error_reporter.o
                0x00000000080047a0                tflite::MicroErrorReporter::Report(char const*, std::__va_list)
 .text._ZN6tflite18MicroErrorReporterD0Ev
                0x00000000080047cc        0xe Core/Src/micro_error_reporter.o
                0x00000000080047cc                tflite::MicroErrorReporter::~MicroErrorReporter()
 *fill*         0x00000000080047da        0x2 
 .text._ZN6tflite12_GLOBAL__N_122OpNameFromRegistrationEPK18TfLiteRegistration
                0x00000000080047dc       0x24 Core/Src/micro_interpreter.o
 .text._ZN6tflite8internal13ContextHelper24AllocatePersistentBufferEP13TfLiteContextj
                0x0000000008004800        0xa Core/Src/micro_interpreter.o
                0x0000000008004800                tflite::internal::ContextHelper::AllocatePersistentBuffer(TfLiteContext*, unsigned int)
 .text._ZN6tflite8internal13ContextHelper16GetScratchBufferEP13TfLiteContexti
                0x000000000800480a        0xa Core/Src/micro_interpreter.o
                0x000000000800480a                tflite::internal::ContextHelper::GetScratchBuffer(TfLiteContext*, int)
 .text._ZN6tflite8internal13ContextHelper9GetTensorEPK13TfLiteContexti
                0x0000000008004814       0x16 Core/Src/micro_interpreter.o
                0x0000000008004814                tflite::internal::ContextHelper::GetTensor(TfLiteContext const*, int)
 .text._ZN6tflite8internal13ContextHelper13GetEvalTensorEPK13TfLiteContexti
                0x000000000800482a        0xc Core/Src/micro_interpreter.o
                0x000000000800482a                tflite::internal::ContextHelper::GetEvalTensor(TfLiteContext const*, int)
 .text._ZN6tflite8internal13ContextHelper27RequestScratchBufferInArenaEP13TfLiteContextjPi
                0x0000000008004836        0x8 Core/Src/micro_interpreter.o
                0x0000000008004836                tflite::internal::ContextHelper::RequestScratchBufferInArena(TfLiteContext*, unsigned int, int*)
 .text._ZN6tflite8internal13ContextHelper13ReportOpErrorEP13TfLiteContextPKcz
                0x000000000800483e       0x20 Core/Src/micro_interpreter.o
                0x000000000800483e                tflite::internal::ContextHelper::ReportOpError(TfLiteContext*, char const*, ...)
 *fill*         0x000000000800485e        0x2 
 .text._ZN6tflite16MicroInterpreter4InitEPNS_8ProfilerE
                0x0000000008004860       0x64 Core/Src/micro_interpreter.o
                0x0000000008004860                tflite::MicroInterpreter::Init(tflite::Profiler*)
 .text._ZN6tflite16MicroInterpreterC2EPKNS_5ModelERKNS_15MicroOpResolverEPhjPNS_13ErrorReporterEPNS_8ProfilerE
                0x00000000080048c4       0x5c Core/Src/micro_interpreter.o
                0x00000000080048c4                tflite::MicroInterpreter::MicroInterpreter(tflite::Model const*, tflite::MicroOpResolver const&, unsigned char*, unsigned int, tflite::ErrorReporter*, tflite::Profiler*)
                0x00000000080048c4                tflite::MicroInterpreter::MicroInterpreter(tflite::Model const*, tflite::MicroOpResolver const&, unsigned char*, unsigned int, tflite::ErrorReporter*, tflite::Profiler*)
 .text._ZN6tflite16MicroInterpreter20ResetVariableTensorsEv
                0x0000000008004920       0xd0 Core/Src/micro_interpreter.o
                0x0000000008004920                tflite::MicroInterpreter::ResetVariableTensors()
 .text._ZN6tflite16MicroInterpreter15AllocateTensorsEv
                0x00000000080049f0      0x128 Core/Src/micro_interpreter.o
                0x00000000080049f0                tflite::MicroInterpreter::AllocateTensors()
 .text._ZN12_GLOBAL__N_19StrCatStrEPciPKc
                0x0000000008004b18       0x2c Core/Src/micro_string.o
 .text._ZN12_GLOBAL__N_122FastUInt32ToBufferLeftEmPci
                0x0000000008004b44       0x3e Core/Src/micro_string.o
 *fill*         0x0000000008004b82        0x2 
 .text.MicroVsnprintf
                0x0000000008004b84      0x280 Core/Src/micro_string.o
                0x0000000008004b84                MicroVsnprintf
 .text._ZN6tflite12ElementCountERK14TfLiteIntArray
                0x0000000008004e04       0x1c Core/Src/micro_utils.o
                0x0000000008004e04                tflite::ElementCount(TfLiteIntArray const&)
 .text._ZN6tflite25GetRegistrationFromOpCodeEPKNS_12OperatorCodeERKNS_10OpResolverEPNS_13ErrorReporterEPPK18TfLiteRegistration
                0x0000000008004e20       0xb0 Core/Src/op_resolver.o
                0x0000000008004e20                tflite::GetRegistrationFromOpCode(tflite::OperatorCode const*, tflite::OpResolver const&, tflite::ErrorReporter*, TfLiteRegistration const**)
 .text._ZN6tflite18QuantizeMultiplierEdPlPi
                0x0000000008004ed0       0x90 Core/Src/quantization_util.o
                0x0000000008004ed0                tflite::QuantizeMultiplier(double, long*, int*)
 .text._ZN6tflite32QuantizeMultiplierGreaterThanOneEdPlPi
                0x0000000008004f60       0x44 Core/Src/quantization_util.o
                0x0000000008004f60                tflite::QuantizeMultiplierGreaterThanOne(double, long*, int*)
 *fill*         0x0000000008004fa4        0x4 
 .text._ZN6tflite24PreprocessSoftmaxScalingEddiPlPi
                0x0000000008004fa8       0x70 Core/Src/quantization_util.o
                0x0000000008004fa8                tflite::PreprocessSoftmaxScaling(double, double, int, long*, int*)
 .text._ZN6tflite20CalculateInputRadiusEiii
                0x0000000008005018       0x82 Core/Src/quantization_util.o
                0x0000000008005018                tflite::CalculateInputRadius(int, int, int)
 .text._ZN6tflite3ops5micro7reshape4EvalEP13TfLiteContextP10TfLiteNode
                0x000000000800509a       0x62 Core/Src/reshape.o
                0x000000000800509a                tflite::ops::micro::reshape::Eval(TfLiteContext*, TfLiteNode*)
 .text._ZN6tflite3ops5micro7reshape13ReshapeOutputEP13TfLiteContextP10TfLiteNode
                0x00000000080050fc      0x15c Core/Src/reshape.o
                0x00000000080050fc                tflite::ops::micro::reshape::ReshapeOutput(TfLiteContext*, TfLiteNode*)
 .text._ZN6tflite3ops5micro7reshape7PrepareEP13TfLiteContextP10TfLiteNode
                0x0000000008005258       0x98 Core/Src/reshape.o
                0x0000000008005258                tflite::ops::micro::reshape::Prepare(TfLiteContext*, TfLiteNode*)
 .text._ZN6tflite3ops5micro16Register_RESHAPEEv
                0x00000000080052f0       0x1c Core/Src/reshape.o
                0x00000000080052f0                tflite::ops::micro::Register_RESHAPE()
 .text._ZN6tflite14GetBuiltinCodeEPKNS_12OperatorCodeE
                0x000000000800530c       0x3a Core/Src/schema_utils.o
                0x000000000800530c                tflite::GetBuiltinCode(tflite::OperatorCode const*)
 .text._ZN6tflite21SimpleMemoryAllocatorD2Ev
                0x0000000008005346        0x2 Core/Src/simple_memory_allocator.o
                0x0000000008005346                tflite::SimpleMemoryAllocator::~SimpleMemoryAllocator()
                0x0000000008005346                tflite::SimpleMemoryAllocator::~SimpleMemoryAllocator()
 .text._ZN6tflite21SimpleMemoryAllocator20ResetTempAllocationsEv
                0x0000000008005348        0x6 Core/Src/simple_memory_allocator.o
                0x0000000008005348                tflite::SimpleMemoryAllocator::ResetTempAllocations()
 .text._ZN6tflite21SimpleMemoryAllocatorD0Ev
                0x000000000800534e        0xe Core/Src/simple_memory_allocator.o
                0x000000000800534e                tflite::SimpleMemoryAllocator::~SimpleMemoryAllocator()
 .text._ZN6tflite21SimpleMemoryAllocator12AllocateTempEjj
                0x000000000800535c       0x34 Core/Src/simple_memory_allocator.o
                0x000000000800535c                tflite::SimpleMemoryAllocator::AllocateTemp(unsigned int, unsigned int)
 .text._ZN6tflite21SimpleMemoryAllocator16AllocateFromTailEjj
                0x0000000008005390       0x34 Core/Src/simple_memory_allocator.o
                0x0000000008005390                tflite::SimpleMemoryAllocator::AllocateFromTail(unsigned int, unsigned int)
 .text._ZN6tflite21SimpleMemoryAllocator17SetHeadBufferSizeEjj
                0x00000000080053c4       0x50 Core/Src/simple_memory_allocator.o
                0x00000000080053c4                tflite::SimpleMemoryAllocator::SetHeadBufferSize(unsigned int, unsigned int)
 .text._ZN6tflite21SimpleMemoryAllocator6CreateEPNS_13ErrorReporterEPhj
                0x0000000008005414       0x50 Core/Src/simple_memory_allocator.o
                0x0000000008005414                tflite::SimpleMemoryAllocator::Create(tflite::ErrorReporter*, unsigned char*, unsigned int)
 .text._ZNK6tflite21SimpleMemoryAllocator13GetHeadBufferEv
                0x0000000008005464        0x4 Core/Src/simple_memory_allocator.o
                0x0000000008005464                tflite::SimpleMemoryAllocator::GetHeadBuffer() const
 .text._ZNK6tflite21SimpleMemoryAllocator18GetAvailableMemoryEj
                0x0000000008005468       0x1a Core/Src/simple_memory_allocator.o
                0x0000000008005468                tflite::SimpleMemoryAllocator::GetAvailableMemory(unsigned int) const
 .text._ZZN6tflite12_GLOBAL__N_114SoftmaxPrepareEP13TfLiteContextP10TfLiteNodeENUlfE0_4_FUNEf
                0x0000000008005482        0xe Core/Src/softmax.o
 .text._ZN6tflite12_GLOBAL__N_111SoftmaxInitEP13TfLiteContextPKcj
                0x0000000008005490       0x12 Core/Src/softmax.o
 .text._ZZN6tflite12_GLOBAL__N_114SoftmaxPrepareEP13TfLiteContextP10TfLiteNodeENUlfE_4_FUNEf
                0x00000000080054a2        0x4 Core/Src/softmax.o
 *fill*         0x00000000080054a6        0x2 
 .text._ZN8gemmlowp33SaturatingRoundingDoublingHighMulIlEET_S1_S1_
                0x00000000080054a8       0x50 Core/Src/softmax.o
                0x00000000080054a8                long gemmlowp::SaturatingRoundingDoublingHighMul<long>(long, long)
 .text._ZN6tflite23MatchingFlatSizeSkipDimERKNS_12RuntimeShapeEiS2_
                0x00000000080054f8       0x64 Core/Src/softmax.o
                0x00000000080054f8                tflite::MatchingFlatSizeSkipDim(tflite::RuntimeShape const&, int, tflite::RuntimeShape const&)
 .text._ZN6tflite7gen_lutEPFffEffPsi
                0x000000000800555c      0x160 Core/Src/softmax.o
                0x000000000800555c                tflite::gen_lut(float (*)(float), float, float, short*, int)
 *fill*         0x00000000080056bc        0x4 
 .text._ZN6tflite12_GLOBAL__N_114SoftmaxPrepareEP13TfLiteContextP10TfLiteNode
                0x00000000080056c0      0x4ac Core/Src/softmax.o
 .text._ZN6tflite26generic_int16_table_lookupEsPKs
                0x0000000008005b6c       0x26 Core/Src/softmax.o
                0x0000000008005b6c                tflite::generic_int16_table_lookup(short, short const*)
 *fill*         0x0000000008005b92        0x2 
 .text._ZN6tflite13reference_ops7SoftmaxERKNS_13SoftmaxParamsERKNS_12RuntimeShapeEPKfS6_Pf
                0x0000000008005b94       0xe8 Core/Src/softmax.o
                0x0000000008005b94                tflite::reference_ops::Softmax(tflite::SoftmaxParams const&, tflite::RuntimeShape const&, float const*, tflite::RuntimeShape const&, float*)
 .text._ZN6tflite16Register_SOFTMAXEv
                0x0000000008005c7c       0x1c Core/Src/softmax.o
                0x0000000008005c7c                tflite::Register_SOFTMAX()
 .text._ZN8gemmlowp19RoundingDivideByPOTIliEET_S1_T0_
                0x0000000008005c98       0x4c Core/Src/softmax.o
                0x0000000008005c98                long gemmlowp::RoundingDivideByPOT<long, int>(long, int)
 .text._ZN6tflite13reference_ops12SoftmaxInt16ERKNS_13SoftmaxParamsERKNS_12RuntimeShapeEPKsS6_Ps
                0x0000000008005ce4      0x1d8 Core/Src/softmax.o
                0x0000000008005ce4                tflite::reference_ops::SoftmaxInt16(tflite::SoftmaxParams const&, tflite::RuntimeShape const&, short const*, tflite::RuntimeShape const&, short*)
 .text._ZN8gemmlowp32one_over_one_plus_x_for_x_in_0_1IlEENS_10FixedPointIT_Li0EEES3_
                0x0000000008005ebc      0x130 Core/Src/softmax.o
                0x0000000008005ebc                gemmlowp::FixedPoint<long, 0> gemmlowp::one_over_one_plus_x_for_x_in_0_1<long>(gemmlowp::FixedPoint<long, 0>)
 .text._ZN6tflite13GetReciprocalEliPi
                0x0000000008005fec       0x16 Core/Src/softmax.o
                0x0000000008005fec                tflite::GetReciprocal(long, int, int*)
 .text._ZN8gemmlowp26RescaleConstantInitializerINS_10FixedPointIlLi0EEEEENT_13ScalarRawTypeEl
                0x0000000008006002        0xa Core/Src/softmax.o
                0x0000000008006002                gemmlowp::FixedPoint<long, 0>::ScalarRawType gemmlowp::RescaleConstantInitializer<gemmlowp::FixedPoint<long, 0> >(long)
 .text._ZN8gemmlowpmlIlLi0ELi0EEENS_10FixedPointIT_XplT0_T1_EEENS1_IS2_XT0_EEENS1_IS2_XT1_EEE
                0x000000000800600c        0x8 Core/Src/softmax.o
                0x000000000800600c                gemmlowp::FixedPoint<long, (0)+(0)> gemmlowp::operator*<long, 0, 0>(gemmlowp::FixedPoint<long, 0>, gemmlowp::FixedPoint<long, 0>)
 .text._ZN8gemmlowp19RoundingDivideByPOTIljEET_S1_T0_
                0x0000000008006014       0x3c Core/Src/softmax.o
                0x0000000008006014                long gemmlowp::RoundingDivideByPOT<long, unsigned int>(long, unsigned int)
 .text._ZN8gemmlowp55exp_on_interval_between_negative_one_quarter_and_0_exclIlEENS_10FixedPointIT_Li0EEES3_
                0x0000000008006050       0x60 Core/Src/softmax.o
                0x0000000008006050                gemmlowp::FixedPoint<long, 0> gemmlowp::exp_on_interval_between_negative_one_quarter_and_0_excl<long>(gemmlowp::FixedPoint<long, 0>)
 .text._ZN8gemmlowp22exp_on_negative_valuesIlLi5EEENS_10FixedPointIT_Li0EEENS1_IS2_XT0_EEE
                0x00000000080060b0      0x134 Core/Src/softmax.o
                0x00000000080060b0                gemmlowp::FixedPoint<long, 0> gemmlowp::exp_on_negative_values<long, 5>(gemmlowp::FixedPoint<long, 5>)
 .text._ZN6tflite13reference_ops7SoftmaxIhhEEvRKNS_13SoftmaxParamsERKNS_12RuntimeShapeEPKT_S7_PT0_
                0x00000000080061e4      0x120 Core/Src/softmax.o
                0x00000000080061e4                void tflite::reference_ops::Softmax<unsigned char, unsigned char>(tflite::SoftmaxParams const&, tflite::RuntimeShape const&, unsigned char const*, tflite::RuntimeShape const&, unsigned char*)
 .text._ZN6tflite13reference_ops7SoftmaxIasEEvRKNS_13SoftmaxParamsERKNS_12RuntimeShapeEPKT_S7_PT0_
                0x0000000008006304      0x140 Core/Src/softmax.o
                0x0000000008006304                void tflite::reference_ops::Softmax<signed char, short>(tflite::SoftmaxParams const&, tflite::RuntimeShape const&, signed char const*, tflite::RuntimeShape const&, short*)
 .text._ZN6tflite13reference_ops7SoftmaxIaaEEvRKNS_13SoftmaxParamsERKNS_12RuntimeShapeEPKT_S7_PT0_
                0x0000000008006444      0x126 Core/Src/softmax.o
                0x0000000008006444                void tflite::reference_ops::Softmax<signed char, signed char>(tflite::SoftmaxParams const&, tflite::RuntimeShape const&, signed char const*, tflite::RuntimeShape const&, signed char*)
 *fill*         0x000000000800656a        0x2 
 .text._ZN6tflite12_GLOBAL__N_111SoftmaxEvalEP13TfLiteContextP10TfLiteNode
                0x000000000800656c      0x150 Core/Src/softmax.o
 .text.HAL_MspInit
                0x00000000080066bc       0x30 Core/Src/stm32l4xx_hal_msp.o
                0x00000000080066bc                HAL_MspInit
 .text.HAL_ADC_MspInit
                0x00000000080066ec       0x60 Core/Src/stm32l4xx_hal_msp.o
                0x00000000080066ec                HAL_ADC_MspInit
 .text.HAL_CRC_MspInit
                0x000000000800674c       0x28 Core/Src/stm32l4xx_hal_msp.o
                0x000000000800674c                HAL_CRC_MspInit
 .text.HAL_TIM_Base_MspInit
                0x0000000008006774       0x4c Core/Src/stm32l4xx_hal_msp.o
                0x0000000008006774                HAL_TIM_Base_MspInit
 .text.HAL_UART_MspInit
                0x00000000080067c0       0x7c Core/Src/stm32l4xx_hal_msp.o
                0x00000000080067c0                HAL_UART_MspInit
 .text.NMI_Handler
                0x000000000800683c        0x2 Core/Src/stm32l4xx_it.o
                0x000000000800683c                NMI_Handler
 .text.HardFault_Handler
                0x000000000800683e        0x2 Core/Src/stm32l4xx_it.o
                0x000000000800683e                HardFault_Handler
 .text.MemManage_Handler
                0x0000000008006840        0x2 Core/Src/stm32l4xx_it.o
                0x0000000008006840                MemManage_Handler
 .text.BusFault_Handler
                0x0000000008006842        0x2 Core/Src/stm32l4xx_it.o
                0x0000000008006842                BusFault_Handler
 .text.UsageFault_Handler
                0x0000000008006844        0x2 Core/Src/stm32l4xx_it.o
                0x0000000008006844                UsageFault_Handler
 .text.SVC_Handler
                0x0000000008006846        0x2 Core/Src/stm32l4xx_it.o
                0x0000000008006846                SVC_Handler
 .text.DebugMon_Handler
                0x0000000008006848        0x2 Core/Src/stm32l4xx_it.o
                0x0000000008006848                DebugMon_Handler
 .text.PendSV_Handler
                0x000000000800684a        0x2 Core/Src/stm32l4xx_it.o
                0x000000000800684a                PendSV_Handler
 .text.SysTick_Handler
                0x000000000800684c        0x4 Core/Src/stm32l4xx_it.o
                0x000000000800684c                SysTick_Handler
 .text._getpid  0x0000000008006850        0x4 Core/Src/syscalls.o
                0x0000000008006850                _getpid
 .text._kill    0x0000000008006854       0x10 Core/Src/syscalls.o
                0x0000000008006854                _kill
 .text._exit    0x0000000008006864        0xc Core/Src/syscalls.o
                0x0000000008006864                _exit
 .text._read    0x0000000008006870       0x1c Core/Src/syscalls.o
                0x0000000008006870                _read
 .text._write   0x000000000800688c       0x1c Core/Src/syscalls.o
                0x000000000800688c                _write
 .text._close   0x00000000080068a8        0x6 Core/Src/syscalls.o
                0x00000000080068a8                _close
 .text._fstat   0x00000000080068ae        0xa Core/Src/syscalls.o
                0x00000000080068ae                _fstat
 .text._isatty  0x00000000080068b8        0x4 Core/Src/syscalls.o
                0x00000000080068b8                _isatty
 .text._lseek   0x00000000080068bc        0x4 Core/Src/syscalls.o
                0x00000000080068bc                _lseek
 .text._sbrk    0x00000000080068c0       0x40 Core/Src/sysmem.o
                0x00000000080068c0                _sbrk
 .text.SystemInit
                0x0000000008006900       0x48 Core/Src/system_stm32l4xx.o
                0x0000000008006900                SystemInit
 .text.Reset_Handler
                0x0000000008006948       0x50 Core/Startup/startup_stm32l432kcux.o
                0x0000000008006948                Reset_Handler
 .text.Default_Handler
                0x0000000008006998        0x2 Core/Startup/startup_stm32l432kcux.o
                0x0000000008006998                RTC_Alarm_IRQHandler
                0x0000000008006998                EXTI2_IRQHandler
                0x0000000008006998                TIM1_CC_IRQHandler
                0x0000000008006998                TSC_IRQHandler
                0x0000000008006998                TAMP_STAMP_IRQHandler
                0x0000000008006998                EXTI3_IRQHandler
                0x0000000008006998                LPTIM2_IRQHandler
                0x0000000008006998                I2C3_ER_IRQHandler
                0x0000000008006998                EXTI0_IRQHandler
                0x0000000008006998                CAN1_RX0_IRQHandler
                0x0000000008006998                FPU_IRQHandler
                0x0000000008006998                TIM1_UP_TIM16_IRQHandler
                0x0000000008006998                SPI1_IRQHandler
                0x0000000008006998                TIM6_DAC_IRQHandler
                0x0000000008006998                DMA2_Channel2_IRQHandler
                0x0000000008006998                DMA1_Channel4_IRQHandler
                0x0000000008006998                ADC1_IRQHandler
                0x0000000008006998                DMA1_Channel7_IRQHandler
                0x0000000008006998                CAN1_RX1_IRQHandler
                0x0000000008006998                DMA2_Channel1_IRQHandler
                0x0000000008006998                QUADSPI_IRQHandler
                0x0000000008006998                I2C1_EV_IRQHandler
                0x0000000008006998                DMA1_Channel6_IRQHandler
                0x0000000008006998                DMA2_Channel4_IRQHandler
                0x0000000008006998                RCC_IRQHandler
                0x0000000008006998                TIM1_TRG_COM_IRQHandler
                0x0000000008006998                DMA1_Channel1_IRQHandler
                0x0000000008006998                Default_Handler
                0x0000000008006998                DMA2_Channel7_IRQHandler
                0x0000000008006998                EXTI15_10_IRQHandler
                0x0000000008006998                TIM7_IRQHandler
                0x0000000008006998                I2C3_EV_IRQHandler
                0x0000000008006998                USB_IRQHandler
                0x0000000008006998                EXTI9_5_IRQHandler
                0x0000000008006998                RTC_WKUP_IRQHandler
                0x0000000008006998                PVD_PVM_IRQHandler
                0x0000000008006998                CAN1_TX_IRQHandler
                0x0000000008006998                DMA2_Channel5_IRQHandler
                0x0000000008006998                CRS_IRQHandler
                0x0000000008006998                DMA1_Channel5_IRQHandler
                0x0000000008006998                EXTI4_IRQHandler
                0x0000000008006998                RNG_IRQHandler
                0x0000000008006998                DMA1_Channel3_IRQHandler
                0x0000000008006998                COMP_IRQHandler
                0x0000000008006998                WWDG_IRQHandler
                0x0000000008006998                LPUART1_IRQHandler
                0x0000000008006998                DMA2_Channel6_IRQHandler
                0x0000000008006998                TIM2_IRQHandler
                0x0000000008006998                EXTI1_IRQHandler
                0x0000000008006998                USART2_IRQHandler
                0x0000000008006998                DMA1_Channel2_IRQHandler
                0x0000000008006998                CAN1_SCE_IRQHandler
                0x0000000008006998                FLASH_IRQHandler
                0x0000000008006998                USART1_IRQHandler
                0x0000000008006998                SPI3_IRQHandler
                0x0000000008006998                I2C1_ER_IRQHandler
                0x0000000008006998                SWPMI1_IRQHandler
                0x0000000008006998                LPTIM1_IRQHandler
                0x0000000008006998                SAI1_IRQHandler
                0x0000000008006998                DMA2_Channel3_IRQHandler
                0x0000000008006998                TIM1_BRK_TIM15_IRQHandler
 *fill*         0x000000000800699a        0x2 
 .text.HAL_InitTick
                0x000000000800699c       0x4c Drivers/STM32L4xx_HAL_Driver/Src/stm32l4xx_hal.o
                0x000000000800699c                HAL_InitTick
 .text.HAL_Init
                0x00000000080069e8       0x1e Drivers/STM32L4xx_HAL_Driver/Src/stm32l4xx_hal.o
                0x00000000080069e8                HAL_Init
 *fill*         0x0000000008006a06        0x2 
 .text.HAL_IncTick
                0x0000000008006a08       0x18 Drivers/STM32L4xx_HAL_Driver/Src/stm32l4xx_hal.o
                0x0000000008006a08                HAL_IncTick
 .text.HAL_GetTick
                0x0000000008006a20        0xc Drivers/STM32L4xx_HAL_Driver/Src/stm32l4xx_hal.o
                0x0000000008006a20                HAL_GetTick
 .text.LL_ADC_SetChannelSamplingTime
                0x0000000008006a2c       0x22 Drivers/STM32L4xx_HAL_Driver/Src/stm32l4xx_hal_adc.o
 .text.LL_ADC_REG_IsConversionOngoing
                0x0000000008006a4e        0x8 Drivers/STM32L4xx_HAL_Driver/Src/stm32l4xx_hal_adc.o
 *fill*         0x0000000008006a56        0x2 
 .text.HAL_ADC_Init
                0x0000000008006a58      0x19c Drivers/STM32L4xx_HAL_Driver/Src/stm32l4xx_hal_adc.o
                0x0000000008006a58                HAL_ADC_Init
 .text.HAL_ADC_PollForConversion
                0x0000000008006bf4       0x9c Drivers/STM32L4xx_HAL_Driver/Src/stm32l4xx_hal_adc.o
                0x0000000008006bf4                HAL_ADC_PollForConversion
 .text.HAL_ADC_GetValue
                0x0000000008006c90        0x6 Drivers/STM32L4xx_HAL_Driver/Src/stm32l4xx_hal_adc.o
                0x0000000008006c90                HAL_ADC_GetValue
 *fill*         0x0000000008006c96        0x2 
 .text.HAL_ADC_ConfigChannel
                0x0000000008006c98      0x398 Drivers/STM32L4xx_HAL_Driver/Src/stm32l4xx_hal_adc.o
                0x0000000008006c98                HAL_ADC_ConfigChannel
 .text.ADC_ConversionStop
                0x0000000008007030       0xcc Drivers/STM32L4xx_HAL_Driver/Src/stm32l4xx_hal_adc.o
                0x0000000008007030                ADC_ConversionStop
 .text.ADC_Enable
                0x00000000080070fc       0x6c Drivers/STM32L4xx_HAL_Driver/Src/stm32l4xx_hal_adc.o
                0x00000000080070fc                ADC_Enable
 .text.HAL_ADC_Start
                0x0000000008007168       0x82 Drivers/STM32L4xx_HAL_Driver/Src/stm32l4xx_hal_adc.o
                0x0000000008007168                HAL_ADC_Start
 .text.ADC_Disable
                0x00000000080071ea       0x64 Drivers/STM32L4xx_HAL_Driver/Src/stm32l4xx_hal_adc.o
                0x00000000080071ea                ADC_Disable
 .text.HAL_ADC_Stop
                0x000000000800724e       0x3e Drivers/STM32L4xx_HAL_Driver/Src/stm32l4xx_hal_adc.o
                0x000000000800724e                HAL_ADC_Stop
 .text.HAL_NVIC_SetPriorityGrouping
                0x000000000800728c       0x24 Drivers/STM32L4xx_HAL_Driver/Src/stm32l4xx_hal_cortex.o
                0x000000000800728c                HAL_NVIC_SetPriorityGrouping
 .text.HAL_NVIC_SetPriority
                0x00000000080072b0       0x68 Drivers/STM32L4xx_HAL_Driver/Src/stm32l4xx_hal_cortex.o
                0x00000000080072b0                HAL_NVIC_SetPriority
 .text.HAL_SYSTICK_Config
                0x0000000008007318       0x2c Drivers/STM32L4xx_HAL_Driver/Src/stm32l4xx_hal_cortex.o
                0x0000000008007318                HAL_SYSTICK_Config
 .text.HAL_CRC_Init
                0x0000000008007344       0x74 Drivers/STM32L4xx_HAL_Driver/Src/stm32l4xx_hal_crc.o
                0x0000000008007344                HAL_CRC_Init
 .text.HAL_CRCEx_Polynomial_Set
                0x00000000080073b8       0x44 Drivers/STM32L4xx_HAL_Driver/Src/stm32l4xx_hal_crc_ex.o
                0x00000000080073b8                HAL_CRCEx_Polynomial_Set
 .text.HAL_GPIO_Init
                0x00000000080073fc      0x174 Drivers/STM32L4xx_HAL_Driver/Src/stm32l4xx_hal_gpio.o
                0x00000000080073fc                HAL_GPIO_Init
 .text.HAL_GPIO_ReadPin
                0x0000000008007570        0xc Drivers/STM32L4xx_HAL_Driver/Src/stm32l4xx_hal_gpio.o
                0x0000000008007570                HAL_GPIO_ReadPin
 .text.HAL_PWR_EnableBkUpAccess
                0x000000000800757c       0x10 Drivers/STM32L4xx_HAL_Driver/Src/stm32l4xx_hal_pwr.o
                0x000000000800757c                HAL_PWR_EnableBkUpAccess
 .text.HAL_PWREx_GetVoltageRange
                0x000000000800758c       0x10 Drivers/STM32L4xx_HAL_Driver/Src/stm32l4xx_hal_pwr_ex.o
                0x000000000800758c                HAL_PWREx_GetVoltageRange
 .text.HAL_PWREx_ControlVoltageScaling
                0x000000000800759c       0x6c Drivers/STM32L4xx_HAL_Driver/Src/stm32l4xx_hal_pwr_ex.o
                0x000000000800759c                HAL_PWREx_ControlVoltageScaling
 .text.RCC_SetFlashLatencyFromMSIRange
                0x0000000008007608       0x84 Drivers/STM32L4xx_HAL_Driver/Src/stm32l4xx_hal_rcc.o
 .text.HAL_RCC_GetSysClockFreq
                0x000000000800768c       0x9c Drivers/STM32L4xx_HAL_Driver/Src/stm32l4xx_hal_rcc.o
                0x000000000800768c                HAL_RCC_GetSysClockFreq
 .text.HAL_RCC_OscConfig
                0x0000000008007728      0x554 Drivers/STM32L4xx_HAL_Driver/Src/stm32l4xx_hal_rcc.o
                0x0000000008007728                HAL_RCC_OscConfig
 .text.HAL_RCC_ClockConfig
                0x0000000008007c7c      0x128 Drivers/STM32L4xx_HAL_Driver/Src/stm32l4xx_hal_rcc.o
                0x0000000008007c7c                HAL_RCC_ClockConfig
 .text.HAL_RCC_GetPCLK1Freq
                0x0000000008007da4       0x24 Drivers/STM32L4xx_HAL_Driver/Src/stm32l4xx_hal_rcc.o
                0x0000000008007da4                HAL_RCC_GetPCLK1Freq
 .text.HAL_RCC_GetPCLK2Freq
                0x0000000008007dc8       0x24 Drivers/STM32L4xx_HAL_Driver/Src/stm32l4xx_hal_rcc.o
                0x0000000008007dc8                HAL_RCC_GetPCLK2Freq
 .text.RCCEx_PLLSAI1_Config
                0x0000000008007dec      0x114 Drivers/STM32L4xx_HAL_Driver/Src/stm32l4xx_hal_rcc_ex.o
 .text.HAL_RCCEx_PeriphCLKConfig
                0x0000000008007f00      0x284 Drivers/STM32L4xx_HAL_Driver/Src/stm32l4xx_hal_rcc_ex.o
                0x0000000008007f00                HAL_RCCEx_PeriphCLKConfig
 .text.HAL_RCCEx_EnableMSIPLLMode
                0x0000000008008184       0x10 Drivers/STM32L4xx_HAL_Driver/Src/stm32l4xx_hal_rcc_ex.o
                0x0000000008008184                HAL_RCCEx_EnableMSIPLLMode
 .text.HAL_TIM_Base_Start
                0x0000000008008194       0x4c Drivers/STM32L4xx_HAL_Driver/Src/stm32l4xx_hal_tim.o
                0x0000000008008194                HAL_TIM_Base_Start
 .text.TIM_Base_SetConfig
                0x00000000080081e0       0x74 Drivers/STM32L4xx_HAL_Driver/Src/stm32l4xx_hal_tim.o
                0x00000000080081e0                TIM_Base_SetConfig
 .text.HAL_TIM_Base_Init
                0x0000000008008254       0x60 Drivers/STM32L4xx_HAL_Driver/Src/stm32l4xx_hal_tim.o
                0x0000000008008254                HAL_TIM_Base_Init
 .text.TIM_ETR_SetConfig
                0x00000000080082b4       0x14 Drivers/STM32L4xx_HAL_Driver/Src/stm32l4xx_hal_tim.o
                0x00000000080082b4                TIM_ETR_SetConfig
 .text.HAL_TIM_ConfigClockSource
                0x00000000080082c8      0x128 Drivers/STM32L4xx_HAL_Driver/Src/stm32l4xx_hal_tim.o
                0x00000000080082c8                HAL_TIM_ConfigClockSource
 .text.HAL_TIMEx_MasterConfigSynchronization
                0x00000000080083f0       0x68 Drivers/STM32L4xx_HAL_Driver/Src/stm32l4xx_hal_tim_ex.o
                0x00000000080083f0                HAL_TIMEx_MasterConfigSynchronization
 .text.UART_SetConfig
                0x0000000008008458      0x1d0 Drivers/STM32L4xx_HAL_Driver/Src/stm32l4xx_hal_uart.o
                0x0000000008008458                UART_SetConfig
 .text.UART_AdvFeatureConfig
                0x0000000008008628       0xa8 Drivers/STM32L4xx_HAL_Driver/Src/stm32l4xx_hal_uart.o
                0x0000000008008628                UART_AdvFeatureConfig
 .text.UART_WaitOnFlagUntilTimeout
                0x00000000080086d0       0x84 Drivers/STM32L4xx_HAL_Driver/Src/stm32l4xx_hal_uart.o
                0x00000000080086d0                UART_WaitOnFlagUntilTimeout
 .text.HAL_UART_Transmit
                0x0000000008008754       0xb0 Drivers/STM32L4xx_HAL_Driver/Src/stm32l4xx_hal_uart.o
                0x0000000008008754                HAL_UART_Transmit
 .text.UART_CheckIdleState
                0x0000000008008804       0x60 Drivers/STM32L4xx_HAL_Driver/Src/stm32l4xx_hal_uart.o
                0x0000000008008804                UART_CheckIdleState
 .text.HAL_UART_Init
                0x0000000008008864       0x5c Drivers/STM32L4xx_HAL_Driver/Src/stm32l4xx_hal_uart.o
                0x0000000008008864                HAL_UART_Init
 .text._ZdaPv   0x00000000080088c0        0x4 d:/embedded/cubeide/stm32cubeide_1.5.0/stm32cubeide/plugins/com.st.stm32cube.ide.mcu.externaltools.gnu-tools-for-stm32.7-2018-q2-update.win32_1.5.0.202011040924/tools/bin/../lib/gcc/arm-none-eabi/7.3.1/../../../../arm-none-eabi/lib/thumb/v7e-m/fpv4-sp/hard\libstdc++_nano.a(del_opv.o)
                0x00000000080088c0                operator delete[](void*)
 .text._Znaj    0x00000000080088c4        0x4 d:/embedded/cubeide/stm32cubeide_1.5.0/stm32cubeide/plugins/com.st.stm32cube.ide.mcu.externaltools.gnu-tools-for-stm32.7-2018-q2-update.win32_1.5.0.202011040924/tools/bin/../lib/gcc/arm-none-eabi/7.3.1/../../../../arm-none-eabi/lib/thumb/v7e-m/fpv4-sp/hard\libstdc++_nano.a(new_opv.o)
                0x00000000080088c4                operator new[](unsigned int)
 .text._ZdlPvj  0x00000000080088c8        0x4 d:/embedded/cubeide/stm32cubeide_1.5.0/stm32cubeide/plugins/com.st.stm32cube.ide.mcu.externaltools.gnu-tools-for-stm32.7-2018-q2-update.win32_1.5.0.202011040924/tools/bin/../lib/gcc/arm-none-eabi/7.3.1/../../../../arm-none-eabi/lib/thumb/v7e-m/fpv4-sp/hard\libstdc++_nano.a(del_ops.o)
                0x00000000080088c8                operator delete(void*, unsigned int)
 .text._Znwj    0x00000000080088cc       0x22 d:/embedded/cubeide/stm32cubeide_1.5.0/stm32cubeide/plugins/com.st.stm32cube.ide.mcu.externaltools.gnu-tools-for-stm32.7-2018-q2-update.win32_1.5.0.202011040924/tools/bin/../lib/gcc/arm-none-eabi/7.3.1/../../../../arm-none-eabi/lib/thumb/v7e-m/fpv4-sp/hard\libstdc++_nano.a(new_op.o)
                0x00000000080088cc                operator new(unsigned int)
 *fill*         0x00000000080088ee        0x2 
 .text._ZSt15get_new_handlerv
                0x00000000080088f0       0x10 d:/embedded/cubeide/stm32cubeide_1.5.0/stm32cubeide/plugins/com.st.stm32cube.ide.mcu.externaltools.gnu-tools-for-stm32.7-2018-q2-update.win32_1.5.0.202011040924/tools/bin/../lib/gcc/arm-none-eabi/7.3.1/../../../../arm-none-eabi/lib/thumb/v7e-m/fpv4-sp/hard\libstdc++_nano.a(new_handler.o)
                0x00000000080088f0                std::get_new_handler()
 .text._ZdlPv   0x0000000008008900        0x4 d:/embedded/cubeide/stm32cubeide_1.5.0/stm32cubeide/plugins/com.st.stm32cube.ide.mcu.externaltools.gnu-tools-for-stm32.7-2018-q2-update.win32_1.5.0.202011040924/tools/bin/../lib/gcc/arm-none-eabi/7.3.1/../../../../arm-none-eabi/lib/thumb/v7e-m/fpv4-sp/hard\libstdc++_nano.a(del_op.o)
                0x0000000008008900                operator delete(void*)
 *fill*         0x0000000008008904        0x4 
 .text.floor    0x0000000008008908      0x108 d:/embedded/cubeide/stm32cubeide_1.5.0/stm32cubeide/plugins/com.st.stm32cube.ide.mcu.externaltools.gnu-tools-for-stm32.7-2018-q2-update.win32_1.5.0.202011040924/tools/bin/../lib/gcc/arm-none-eabi/7.3.1/../../../../arm-none-eabi/lib/thumb/v7e-m/fpv4-sp/hard\libm.a(lib_a-s_floor.o)
                0x0000000008008908                floor
 .text.frexp    0x0000000008008a10       0x6c d:/embedded/cubeide/stm32cubeide_1.5.0/stm32cubeide/plugins/com.st.stm32cube.ide.mcu.externaltools.gnu-tools-for-stm32.7-2018-q2-update.win32_1.5.0.202011040924/tools/bin/../lib/gcc/arm-none-eabi/7.3.1/../../../../arm-none-eabi/lib/thumb/v7e-m/fpv4-sp/hard\libm.a(lib_a-s_frexp.o)
                0x0000000008008a10                frexp
 .text.round    0x0000000008008a7c       0x94 d:/embedded/cubeide/stm32cubeide_1.5.0/stm32cubeide/plugins/com.st.stm32cube.ide.mcu.externaltools.gnu-tools-for-stm32.7-2018-q2-update.win32_1.5.0.202011040924/tools/bin/../lib/gcc/arm-none-eabi/7.3.1/../../../../arm-none-eabi/lib/thumb/v7e-m/fpv4-sp/hard\libm.a(lib_a-s_round.o)
                0x0000000008008a7c                round
 .text.roundf   0x0000000008008b10       0x4c d:/embedded/cubeide/stm32cubeide_1.5.0/stm32cubeide/plugins/com.st.stm32cube.ide.mcu.externaltools.gnu-tools-for-stm32.7-2018-q2-update.win32_1.5.0.202011040924/tools/bin/../lib/gcc/arm-none-eabi/7.3.1/../../../../arm-none-eabi/lib/thumb/v7e-m/fpv4-sp/hard\libm.a(lib_a-sf_round.o)
                0x0000000008008b10                roundf
 .text.expf     0x0000000008008b5c       0xf4 d:/embedded/cubeide/stm32cubeide_1.5.0/stm32cubeide/plugins/com.st.stm32cube.ide.mcu.externaltools.gnu-tools-for-stm32.7-2018-q2-update.win32_1.5.0.202011040924/tools/bin/../lib/gcc/arm-none-eabi/7.3.1/../../../../arm-none-eabi/lib/thumb/v7e-m/fpv4-sp/hard\libm.a(lib_a-wf_exp.o)
                0x0000000008008b5c                expf
 .text.__ieee754_expf
                0x0000000008008c50      0x1a8 d:/embedded/cubeide/stm32cubeide_1.5.0/stm32cubeide/plugins/com.st.stm32cube.ide.mcu.externaltools.gnu-tools-for-stm32.7-2018-q2-update.win32_1.5.0.202011040924/tools/bin/../lib/gcc/arm-none-eabi/7.3.1/../../../../arm-none-eabi/lib/thumb/v7e-m/fpv4-sp/hard\libm.a(lib_a-ef_exp.o)
                0x0000000008008c50                __ieee754_expf
 .text.matherr  0x0000000008008df8        0x4 d:/embedded/cubeide/stm32cubeide_1.5.0/stm32cubeide/plugins/com.st.stm32cube.ide.mcu.externaltools.gnu-tools-for-stm32.7-2018-q2-update.win32_1.5.0.202011040924/tools/bin/../lib/gcc/arm-none-eabi/7.3.1/../../../../arm-none-eabi/lib/thumb/v7e-m/fpv4-sp/hard\libm.a(lib_a-s_matherr.o)
                0x0000000008008df8                matherr
 .text.finitef  0x0000000008008dfc       0x14 d:/embedded/cubeide/stm32cubeide_1.5.0/stm32cubeide/plugins/com.st.stm32cube.ide.mcu.externaltools.gnu-tools-for-stm32.7-2018-q2-update.win32_1.5.0.202011040924/tools/bin/../lib/gcc/arm-none-eabi/7.3.1/../../../../arm-none-eabi/lib/thumb/v7e-m/fpv4-sp/hard\libm.a(lib_a-sf_finite.o)
                0x0000000008008dfc                finitef
 .text.abort    0x0000000008008e10        0xe d:/embedded/cubeide/stm32cubeide_1.5.0/stm32cubeide/plugins/com.st.stm32cube.ide.mcu.externaltools.gnu-tools-for-stm32.7-2018-q2-update.win32_1.5.0.202011040924/tools/bin/../lib/gcc/arm-none-eabi/7.3.1/../../../../arm-none-eabi/lib/thumb/v7e-m/fpv4-sp/hard\libc_nano.a(lib_a-abort.o)
                0x0000000008008e10                abort
 *fill*         0x0000000008008e1e        0x2 
 .text.__assert_func
                0x0000000008008e20       0x3c d:/embedded/cubeide/stm32cubeide_1.5.0/stm32cubeide/plugins/com.st.stm32cube.ide.mcu.externaltools.gnu-tools-for-stm32.7-2018-q2-update.win32_1.5.0.202011040924/tools/bin/../lib/gcc/arm-none-eabi/7.3.1/../../../../arm-none-eabi/lib/thumb/v7e-m/fpv4-sp/hard\libc_nano.a(lib_a-assert.o)
                0x0000000008008e20                __assert_func
 .text.__errno  0x0000000008008e5c        0xc d:/embedded/cubeide/stm32cubeide_1.5.0/stm32cubeide/plugins/com.st.stm32cube.ide.mcu.externaltools.gnu-tools-for-stm32.7-2018-q2-update.win32_1.5.0.202011040924/tools/bin/../lib/gcc/arm-none-eabi/7.3.1/../../../../arm-none-eabi/lib/thumb/v7e-m/fpv4-sp/hard\libc_nano.a(lib_a-errno.o)
                0x0000000008008e5c                __errno
 .text.fprintf  0x0000000008008e68       0x24 d:/embedded/cubeide/stm32cubeide_1.5.0/stm32cubeide/plugins/com.st.stm32cube.ide.mcu.externaltools.gnu-tools-for-stm32.7-2018-q2-update.win32_1.5.0.202011040924/tools/bin/../lib/gcc/arm-none-eabi/7.3.1/../../../../arm-none-eabi/lib/thumb/v7e-m/fpv4-sp/hard\libc_nano.a(lib_a-fprintf.o)
                0x0000000008008e68                fiprintf
                0x0000000008008e68                fprintf
 .text._fputs_r
                0x0000000008008e8c       0x90 d:/embedded/cubeide/stm32cubeide_1.5.0/stm32cubeide/plugins/com.st.stm32cube.ide.mcu.externaltools.gnu-tools-for-stm32.7-2018-q2-update.win32_1.5.0.202011040924/tools/bin/../lib/gcc/arm-none-eabi/7.3.1/../../../../arm-none-eabi/lib/thumb/v7e-m/fpv4-sp/hard\libc_nano.a(lib_a-fputs.o)
                0x0000000008008e8c                _fputs_r
 .text.fputs    0x0000000008008f1c       0x10 d:/embedded/cubeide/stm32cubeide_1.5.0/stm32cubeide/plugins/com.st.stm32cube.ide.mcu.externaltools.gnu-tools-for-stm32.7-2018-q2-update.win32_1.5.0.202011040924/tools/bin/../lib/gcc/arm-none-eabi/7.3.1/../../../../arm-none-eabi/lib/thumb/v7e-m/fpv4-sp/hard\libc_nano.a(lib_a-fputs.o)
                0x0000000008008f1c                fputs
 .text.__libc_init_array
                0x0000000008008f2c       0x48 d:/embedded/cubeide/stm32cubeide_1.5.0/stm32cubeide/plugins/com.st.stm32cube.ide.mcu.externaltools.gnu-tools-for-stm32.7-2018-q2-update.win32_1.5.0.202011040924/tools/bin/../lib/gcc/arm-none-eabi/7.3.1/../../../../arm-none-eabi/lib/thumb/v7e-m/fpv4-sp/hard\libc_nano.a(lib_a-init.o)
                0x0000000008008f2c                __libc_init_array
 .text.malloc   0x0000000008008f74       0x10 d:/embedded/cubeide/stm32cubeide_1.5.0/stm32cubeide/plugins/com.st.stm32cube.ide.mcu.externaltools.gnu-tools-for-stm32.7-2018-q2-update.win32_1.5.0.202011040924/tools/bin/../lib/gcc/arm-none-eabi/7.3.1/../../../../arm-none-eabi/lib/thumb/v7e-m/fpv4-sp/hard\libc_nano.a(lib_a-malloc.o)
                0x0000000008008f74                malloc
 .text.free     0x0000000008008f84       0x10 d:/embedded/cubeide/stm32cubeide_1.5.0/stm32cubeide/plugins/com.st.stm32cube.ide.mcu.externaltools.gnu-tools-for-stm32.7-2018-q2-update.win32_1.5.0.202011040924/tools/bin/../lib/gcc/arm-none-eabi/7.3.1/../../../../arm-none-eabi/lib/thumb/v7e-m/fpv4-sp/hard\libc_nano.a(lib_a-malloc.o)
                0x0000000008008f84                free
 .text.memcpy   0x0000000008008f94       0x16 d:/embedded/cubeide/stm32cubeide_1.5.0/stm32cubeide/plugins/com.st.stm32cube.ide.mcu.externaltools.gnu-tools-for-stm32.7-2018-q2-update.win32_1.5.0.202011040924/tools/bin/../lib/gcc/arm-none-eabi/7.3.1/../../../../arm-none-eabi/lib/thumb/v7e-m/fpv4-sp/hard\libc_nano.a(lib_a-memcpy-stub.o)
                0x0000000008008f94                memcpy
 .text.memmove  0x0000000008008faa       0x32 d:/embedded/cubeide/stm32cubeide_1.5.0/stm32cubeide/plugins/com.st.stm32cube.ide.mcu.externaltools.gnu-tools-for-stm32.7-2018-q2-update.win32_1.5.0.202011040924/tools/bin/../lib/gcc/arm-none-eabi/7.3.1/../../../../arm-none-eabi/lib/thumb/v7e-m/fpv4-sp/hard\libc_nano.a(lib_a-memmove.o)
                0x0000000008008faa                memmove