op_resolver.h:43:35:virtual tflite::OpResolver::TfLiteDelegatePtrVector tflite::OpResolver::GetDelegates(int) const	0	static
micro_op_resolver.h:53:29:virtual const TfLiteRegistration* tflite::MicroOpResolver::FindOp(tflite::BuiltinOperator, int) const	0	static
micro_op_resolver.h:60:29:virtual const TfLiteRegistration* tflite::MicroOpResolver::FindOp(const char*, int) const	0	static
micro_mutable_op_resolver.h:41:29:const TfLiteRegistration* tflite::MicroMutableOpResolver<tOpCount>::FindOp(tflite::BuiltinOperator) const [with unsigned int tOpCount = 4]	12	static
micro_mutable_op_resolver.h:36:7:tflite::MicroMutableOpResolver<4>::~MicroMutableOpResolver()	0	static
micro_mutable_op_resolver.h:36:7:virtual tflite::MicroMutableOpResolver<4>::~MicroMutableOpResolver()	8	static
micro_mutable_op_resolver.h:64:41:TfLiteStatus (* tflite::MicroMutableOpResolver<tOpCount>::GetOpDataParser(tflite::BuiltinOperator) const)(const tflite::Operator*, tflite::ErrorReporter*, tflite::BuiltinDataAllocator*, void**) [with unsigned int tOpCount = 4]	16	static
micro_mutable_op_resolver.h:53:29:const TfLiteRegistration* tflite::MicroMutableOpResolver<tOpCount>::FindOp(const char*) const [with unsigned int tOpCount = 4]	24	static
main.cc:80:6:void readSamples()	8	static
main.cc:313:6:void SystemClock_Config()	200	static
main.cc:610:6:void Error_Handler()	0	static
micro_mutable_op_resolver.h:420:16:TfLiteStatus tflite::MicroMutableOpResolver<tOpCount>::AddBuiltin(tflite::BuiltinOperator, const TfLiteRegistration&, tflite::MicroOpResolver::BuiltinParseFunction) [with unsigned int tOpCount = 4]	32	static
main.cc:100:5:int main()	10656	static
